Archive member included to satisfy reference by file (symbol)

/opt/st/stm32cubeide_1.15.1_2/plugins/com.st.stm32cube.ide.mcu.externaltools.gnu-tools-for-stm32.12.3.rel1.linux64_1.0.100.202403111256/tools/bin/../lib/gcc/arm-none-eabi/12.3.1/../../../../arm-none-eabi/lib/thumb/v7e-m+dp/hard/libc_nano.a(libc_a-exit.o)
                              /opt/st/stm32cubeide_1.15.1_2/plugins/com.st.stm32cube.ide.mcu.externaltools.gnu-tools-for-stm32.12.3.rel1.linux64_1.0.100.202403111256/tools/bin/../lib/gcc/arm-none-eabi/12.3.1/../../../../arm-none-eabi/lib/thumb/v7e-m+dp/hard/crt0.o (exit)
/opt/st/stm32cubeide_1.15.1_2/plugins/com.st.stm32cube.ide.mcu.externaltools.gnu-tools-for-stm32.12.3.rel1.linux64_1.0.100.202403111256/tools/bin/../lib/gcc/arm-none-eabi/12.3.1/../../../../arm-none-eabi/lib/thumb/v7e-m+dp/hard/libc_nano.a(libc_a-findfp.o)
                              /opt/st/stm32cubeide_1.15.1_2/plugins/com.st.stm32cube.ide.mcu.externaltools.gnu-tools-for-stm32.12.3.rel1.linux64_1.0.100.202403111256/tools/bin/../lib/gcc/arm-none-eabi/12.3.1/../../../../arm-none-eabi/lib/thumb/v7e-m+dp/hard/libc_nano.a(libc_a-exit.o) (__stdio_exit_handler)
/opt/st/stm32cubeide_1.15.1_2/plugins/com.st.stm32cube.ide.mcu.externaltools.gnu-tools-for-stm32.12.3.rel1.linux64_1.0.100.202403111256/tools/bin/../lib/gcc/arm-none-eabi/12.3.1/../../../../arm-none-eabi/lib/thumb/v7e-m+dp/hard/libc_nano.a(libc_a-fwalk.o)
                              /opt/st/stm32cubeide_1.15.1_2/plugins/com.st.stm32cube.ide.mcu.externaltools.gnu-tools-for-stm32.12.3.rel1.linux64_1.0.100.202403111256/tools/bin/../lib/gcc/arm-none-eabi/12.3.1/../../../../arm-none-eabi/lib/thumb/v7e-m+dp/hard/libc_nano.a(libc_a-findfp.o) (_fwalk_sglue)
/opt/st/stm32cubeide_1.15.1_2/plugins/com.st.stm32cube.ide.mcu.externaltools.gnu-tools-for-stm32.12.3.rel1.linux64_1.0.100.202403111256/tools/bin/../lib/gcc/arm-none-eabi/12.3.1/../../../../arm-none-eabi/lib/thumb/v7e-m+dp/hard/libc_nano.a(libc_a-sprintf.o)
                              ./Core/Src/lcd.o (sprintf)
/opt/st/stm32cubeide_1.15.1_2/plugins/com.st.stm32cube.ide.mcu.externaltools.gnu-tools-for-stm32.12.3.rel1.linux64_1.0.100.202403111256/tools/bin/../lib/gcc/arm-none-eabi/12.3.1/../../../../arm-none-eabi/lib/thumb/v7e-m+dp/hard/libc_nano.a(libc_a-stdio.o)
                              /opt/st/stm32cubeide_1.15.1_2/plugins/com.st.stm32cube.ide.mcu.externaltools.gnu-tools-for-stm32.12.3.rel1.linux64_1.0.100.202403111256/tools/bin/../lib/gcc/arm-none-eabi/12.3.1/../../../../arm-none-eabi/lib/thumb/v7e-m+dp/hard/libc_nano.a(libc_a-findfp.o) (__sread)
/opt/st/stm32cubeide_1.15.1_2/plugins/com.st.stm32cube.ide.mcu.externaltools.gnu-tools-for-stm32.12.3.rel1.linux64_1.0.100.202403111256/tools/bin/../lib/gcc/arm-none-eabi/12.3.1/../../../../arm-none-eabi/lib/thumb/v7e-m+dp/hard/libc_nano.a(libc_a-memset.o)
                              /opt/st/stm32cubeide_1.15.1_2/plugins/com.st.stm32cube.ide.mcu.externaltools.gnu-tools-for-stm32.12.3.rel1.linux64_1.0.100.202403111256/tools/bin/../lib/gcc/arm-none-eabi/12.3.1/../../../../arm-none-eabi/lib/thumb/v7e-m+dp/hard/crt0.o (memset)
/opt/st/stm32cubeide_1.15.1_2/plugins/com.st.stm32cube.ide.mcu.externaltools.gnu-tools-for-stm32.12.3.rel1.linux64_1.0.100.202403111256/tools/bin/../lib/gcc/arm-none-eabi/12.3.1/../../../../arm-none-eabi/lib/thumb/v7e-m+dp/hard/libc_nano.a(libc_a-closer.o)
                              /opt/st/stm32cubeide_1.15.1_2/plugins/com.st.stm32cube.ide.mcu.externaltools.gnu-tools-for-stm32.12.3.rel1.linux64_1.0.100.202403111256/tools/bin/../lib/gcc/arm-none-eabi/12.3.1/../../../../arm-none-eabi/lib/thumb/v7e-m+dp/hard/libc_nano.a(libc_a-stdio.o) (_close_r)
/opt/st/stm32cubeide_1.15.1_2/plugins/com.st.stm32cube.ide.mcu.externaltools.gnu-tools-for-stm32.12.3.rel1.linux64_1.0.100.202403111256/tools/bin/../lib/gcc/arm-none-eabi/12.3.1/../../../../arm-none-eabi/lib/thumb/v7e-m+dp/hard/libc_nano.a(libc_a-reent.o)
                              /opt/st/stm32cubeide_1.15.1_2/plugins/com.st.stm32cube.ide.mcu.externaltools.gnu-tools-for-stm32.12.3.rel1.linux64_1.0.100.202403111256/tools/bin/../lib/gcc/arm-none-eabi/12.3.1/../../../../arm-none-eabi/lib/thumb/v7e-m+dp/hard/libc_nano.a(libc_a-closer.o) (errno)
/opt/st/stm32cubeide_1.15.1_2/plugins/com.st.stm32cube.ide.mcu.externaltools.gnu-tools-for-stm32.12.3.rel1.linux64_1.0.100.202403111256/tools/bin/../lib/gcc/arm-none-eabi/12.3.1/../../../../arm-none-eabi/lib/thumb/v7e-m+dp/hard/libc_nano.a(libc_a-impure.o)
                              /opt/st/stm32cubeide_1.15.1_2/plugins/com.st.stm32cube.ide.mcu.externaltools.gnu-tools-for-stm32.12.3.rel1.linux64_1.0.100.202403111256/tools/bin/../lib/gcc/arm-none-eabi/12.3.1/../../../../arm-none-eabi/lib/thumb/v7e-m+dp/hard/libc_nano.a(libc_a-sprintf.o) (_impure_ptr)
[...]
Memory Configuration

Name             Origin             Length             Attributes
FLASH            0x08000000         0x00020000         xr
DTCMRAM          0x20000000         0x00020000         xrw
RAM_D1           0x24000000         0x00080000         xrw
RAM_D2           0x30000000         0x00048000         xrw
RAM_D3           0x38000000         0x00010000         xrw
ITCMRAM          0x00000000         0x00010000         xrw
*default*        0x00000000         0xffffffff

Linker script and memory map

LOAD /opt/st/stm32cubeide_1.15.1_2/plugins/com.st.stm32cube.ide.mcu.externaltools.gnu-tools-for-stm32.12.3.rel1.linux64_1.0.100.202403111256/tools/bin/../lib/gcc/arm-none-eabi/12.3.1/thumb/v7e-m+dp/hard/crti.o
LOAD /opt/st/stm32cubeide_1.15.1_2/plugins/com.st.stm32cube.ide.mcu.externaltools.gnu-tools-for-stm32.12.3.rel1.linux64_1.0.100.202403111256/tools/bin/../lib/gcc/arm-none-eabi/12.3.1/thumb/v7e-m+dp/hard/crtbegin.o
LOAD /opt/st/stm32cubeide_1.15.1_2/plugins/com.st.stm32cube.ide.mcu.externaltools.gnu-tools-for-stm32.12.3.rel1.linux64_1.0.100.202403111256/tools/bin/../lib/gcc/arm-none-eabi/12.3.1/../../../../arm-none-eabi/lib/thumb/v7e-m+dp/hard/crt0.o
LOAD ./Core/Src/EComp_logo_160_80.o
LOAD ./Core/Src/adc.o
LOAD ./Core/Src/gpio.o
LOAD ./Core/Src/lcd.o
LOAD ./Core/Src/logo_128_160.o
LOAD ./Core/Src/logo_160_80.o
LOAD ./Core/Src/main.o
LOAD ./Core/Src/spi.o
LOAD ./Core/Src/st7735.o
LOAD ./Core/Src/st7735_reg.o
LOAD ./Core/Src/stm32h7xx_hal_msp.o
LOAD ./Core/Src/stm32h7xx_it.o
LOAD ./Core/Src/syscalls.o
LOAD ./Core/Src/sysmem.o
LOAD ./Core/Src/system_stm32h7xx.o
LOAD ./Core/Src/tim.o
LOAD ./Core/Startup/startup_stm32h750vbtx.o
LOAD ./Drivers/STM32H7xx_HAL_Driver/Src/stm32h7xx_hal.o
LOAD ./Drivers/STM32H7xx_HAL_Driver/Src/stm32h7xx_hal_adc.o
LOAD ./Drivers/STM32H7xx_HAL_Driver/Src/stm32h7xx_hal_adc_ex.o
LOAD ./Drivers/STM32H7xx_HAL_Driver/Src/stm32h7xx_hal_cortex.o
LOAD ./Drivers/STM32H7xx_HAL_Driver/Src/stm32h7xx_hal_dma.o
LOAD ./Drivers/STM32H7xx_HAL_Driver/Src/stm32h7xx_hal_dma_ex.o
LOAD ./Drivers/STM32H7xx_HAL_Driver/Src/stm32h7xx_hal_exti.o
LOAD ./Drivers/STM32H7xx_HAL_Driver/Src/stm32h7xx_hal_flash.o
LOAD ./Drivers/STM32H7xx_HAL_Driver/Src/stm32h7xx_hal_flash_ex.o
LOAD ./Drivers/STM32H7xx_HAL_Driver/Src/stm32h7xx_hal_gpio.o
LOAD ./Drivers/STM32H7xx_HAL_Driver/Src/stm32h7xx_hal_hsem.o
LOAD ./Drivers/STM32H7xx_HAL_Driver/Src/stm32h7xx_hal_i2c.o
LOAD ./Drivers/STM32H7xx_HAL_Driver/Src/stm32h7xx_hal_i2c_ex.o
LOAD ./Drivers/STM32H7xx_HAL_Driver/Src/stm32h7xx_hal_mdma.o
LOAD ./Drivers/STM32H7xx_HAL_Driver/Src/stm32h7xx_hal_pcd.o
LOAD ./Drivers/STM32H7xx_HAL_Driver/Src/stm32h7xx_hal_pcd_ex.o
LOAD ./Drivers/STM32H7xx_HAL_Driver/Src/stm32h7xx_hal_pwr.o
LOAD ./Drivers/STM32H7xx_HAL_Driver/Src/stm32h7xx_hal_pwr_ex.o
LOAD ./Drivers/STM32H7xx_HAL_Driver/Src/stm32h7xx_hal_rcc.o
LOAD ./Drivers/STM32H7xx_HAL_Driver/Src/stm32h7xx_hal_rcc_ex.o
LOAD ./Drivers/STM32H7xx_HAL_Driver/Src/stm32h7xx_hal_spi.o
LOAD ./Drivers/STM32H7xx_HAL_Driver/Src/stm32h7xx_hal_spi_ex.o
LOAD ./Drivers/STM32H7xx_HAL_Driver/Src/stm32h7xx_hal_tim.o
LOAD ./Drivers/STM32H7xx_HAL_Driver/Src/stm32h7xx_hal_tim_ex.o
LOAD ./Drivers/STM32H7xx_HAL_Driver/Src/stm32h7xx_ll_usb.o
LOAD ./Middlewares/ST/STM32_USB_Device_Library/Class/CDC/Src/usbd_cdc.o
LOAD ./Middlewares/ST/STM32_USB_Device_Library/Core/Src/usbd_core.o
LOAD ./Middlewares/ST/STM32_USB_Device_Library/Core/Src/usbd_ctlreq.o
LOAD ./Middlewares/ST/STM32_USB_Device_Library/Core/Src/usbd_ioreq.o
LOAD ./USB_DEVICE/App/usb_device.o
LOAD ./USB_DEVICE/App/usbd_cdc_if.o
LOAD ./USB_DEVICE/App/usbd_desc.o
LOAD ./USB_DEVICE/Target/usbd_conf.o
START GROUP
LOAD /opt/st/stm32cubeide_1.15.1_2/plugins/com.st.stm32cube.ide.mcu.externaltools.gnu-tools-for-stm32.12.3.rel1.linux64_1.0.100.202403111256/tools/bin/../lib/gcc/arm-none-eabi/12.3.1/../../../../arm-none-eabi/lib/thumb/v7e-m+dp/hard/libc_nano.a
LOAD /opt/st/stm32cubeide_1.15.1_2/plugins/com.st.stm32cube.ide.mcu.externaltools.gnu-tools-for-stm32.12.3.rel1.linux64_1.0.100.202403111256/tools/bin/../lib/gcc/arm-none-eabi/12.3.1/../../../../arm-none-eabi/lib/thumb/v7e-m+dp/hard/libm.a
END GROUP
START GROUP
LOAD /opt/st/stm32cubeide_1.15.1_2/plugins/com.st.stm32cube.ide.mcu.externaltools.gnu-tools-for-stm32.12.3.rel1.linux64_1.0.100.202403111256/tools/bin/../lib/gcc/arm-none-eabi/12.3.1/thumb/v7e-m+dp/hard/libgcc.a
LOAD /opt/st/stm32cubeide_1.15.1_2/plugins/com.st.stm32cube.ide.mcu.externaltools.gnu-tools-for-stm32.12.3.rel1.linux64_1.0.100.202403111256/tools/bin/../lib/gcc/arm-none-eabi/12.3.1/../../../../arm-none-eabi/lib/thumb/v7e-m+dp/hard/libc_nano.a
END GROUP
START GROUP
LOAD /opt/st/stm32cubeide_1.15.1_2/plugins/com.st.stm32cube.ide.mcu.externaltools.gnu-tools-for-stm32.12.3.rel1.linux64_1.0.100.202403111256/tools/bin/../lib/gcc/arm-none-eabi/12.3.1/thumb/v7e-m+dp/hard/libgcc.a
LOAD /opt/st/stm32cubeide_1.15.1_2/plugins/com.st.stm32cube.ide.mcu.externaltools.gnu-tools-for-stm32.12.3.rel1.linux64_1.0.100.202403111256/tools/bin/../lib/gcc/arm-none-eabi/12.3.1/../../../../arm-none-eabi/lib/thumb/v7e-m+dp/hard/libc_nano.a
LOAD /opt/st/stm32cubeide_1.15.1_2/plugins/com.st.stm32cube.ide.mcu.externaltools.gnu-tools-for-stm32.12.3.rel1.linux64_1.0.100.202403111256/tools/bin/../lib/gcc/arm-none-eabi/12.3.1/../../../../arm-none-eabi/lib/thumb/v7e-m+dp/hard/libnosys.a
END GROUP
START GROUP
LOAD /opt/st/stm32cubeide_1.15.1_2/plugins/com.st.stm32cube.ide.mcu.externaltools.gnu-tools-for-stm32.12.3.rel1.linux64_1.0.100.202403111256/tools/bin/../lib/gcc/arm-none-eabi/12.3.1/thumb/v7e-m+dp/hard/libgcc.a
LOAD /opt/st/stm32cubeide_1.15.1_2/plugins/com.st.stm32cube.ide.mcu.externaltools.gnu-tools-for-stm32.12.3.rel1.linux64_1.0.100.202403111256/tools/bin/../lib/gcc/arm-none-eabi/12.3.1/../../../../arm-none-eabi/lib/thumb/v7e-m+dp/hard/libc_nano.a
LOAD /opt/st/stm32cubeide_1.15.1_2/plugins/com.st.stm32cube.ide.mcu.externaltools.gnu-tools-for-stm32.12.3.rel1.linux64_1.0.100.202403111256/tools/bin/../lib/gcc/arm-none-eabi/12.3.1/../../../../arm-none-eabi/lib/thumb/v7e-m+dp/hard/libnosys.a
END GROUP
LOAD /opt/st/stm32cubeide_1.15.1_2/plugins/com.st.stm32cube.ide.mcu.externaltools.gnu-tools-for-stm32.12.3.rel1.linux64_1.0.100.202403111256/tools/bin/../lib/gcc/arm-none-eabi/12.3.1/thumb/v7e-m+dp/hard/crtend.o
LOAD /opt/st/stm32cubeide_1.15.1_2/plugins/com.st.stm32cube.ide.mcu.externaltools.gnu-tools-for-stm32.12.3.rel1.linux64_1.0.100.202403111256/tools/bin/../lib/gcc/arm-none-eabi/12.3.1/thumb/v7e-m+dp/hard/crtn.o
                0x24080000                        _estack = (ORIGIN (RAM_D1) + LENGTH (RAM_D1))
                0x00000200                        _Min_Heap_Size = 0x200
                0x00000400                        _Min_Stack_Size = 0x400

.isr_vector     0x08000000      0x298
                0x08000000                        . = ALIGN (0x4)
 *(.isr_vector)
 .isr_vector    0x08000000      0x298 ./Core/Startup/startup_stm32h750vbtx.o
                0x08000000                g_pfnVectors
                0x08000298                        . = ALIGN (0x4)

.text           0x080002a0    0x10edc
                0x080002a0                        . = ALIGN (0x4)
 *(.text)
 .text          0x080002a0       0x40 /opt/st/stm32cubeide_1.15.1_2/plugins/com.st.stm32cube.ide.mcu.externaltools.gnu-tools-for-stm32.12.3.rel1.linux64_1.0.100.202403111256/tools/bin/../lib/gcc/arm-none-eabi/12.3.1/thumb/v7e-m+dp/hard/crtbegin.o
 .text          0x080002e0       0x10 /opt/st/stm32cubeide_1.15.1_2/plugins/com.st.stm32cube.ide.mcu.externaltools.gnu-tools-for-stm32.12.3.rel1.linux64_1.0.100.202403111256/tools/bin/../lib/gcc/arm-none-eabi/12.3.1/../../../../arm-none-eabi/lib/thumb/v7e-m+dp/hard/libc_nano.a(libc_a-strlen.o)
                0x080002e0                strlen
 .text          0x080002f0       0xa0 /opt/st/stm32cubeide_1.15.1_2/plugins/com.st.stm32cube.ide.mcu.externaltools.gnu-tools-for-stm32.12.3.rel1.linux64_1.0.100.202403111256/tools/bin/../lib/gcc/arm-none-eabi/12.3.1/../../../../arm-none-eabi/lib/thumb/v7e-m+dp/hard/libc_nano.a(libc_a-memchr.o)
                0x080002f0                memchr
 *(.text*)
 .text.MX_ADC2_Init
                0x08000390      0x130 ./Core/Src/adc.o
                0x08000390                MX_ADC2_Init
 .text.MX_ADC3_Init
                0x080004c0      0x128 ./Core/Src/adc.o
                0x080004c0                MX_ADC3_Init
 .text.HAL_ADC_MspInit
                0x080005e8      0x158 ./Core/Src/adc.o
                0x080005e8                HAL_ADC_MspInit
 .text.MX_GPIO_Init
                0x08000740      0x144 ./Core/Src/gpio.o
                0x08000740                MX_GPIO_Init
 .text.LCD_Test
                0x08000884      0x1d8 ./Core/Src/lcd.o
                0x08000884                LCD_Test
 .text.LCD_SetBrightness
                0x08000a5c       0x20 ./Core/Src/lcd.o
                0x08000a5c                LCD_SetBrightness
 .text.LCD_GetBrightness
                0x08000a7c       0x18 ./Core/Src/lcd.o
                0x08000a7c                LCD_GetBrightness
 .text.LCD_Light
                0x08000a94       0xea ./Core/Src/lcd.o
                0x08000a94                LCD_Light
 *fill*         0x08000b7e        0x2 
 .text.LCD_ShowChar
                0x08000b80      0x424 ./Core/Src/lcd.o
                0x08000b80                LCD_ShowChar
 .text.LCD_ShowString
                0x08000fa4       0x9a ./Core/Src/lcd.o
                0x08000fa4                LCD_ShowString
 *fill*         0x0800103e        0x2 
 .text.lcd_init
                0x08001040       0x20 ./Core/Src/lcd.o
 .text.lcd_gettick
                0x08001060        0xe ./Core/Src/lcd.o
 *fill*         0x0800106e        0x2 
 .text.lcd_writereg
                0x08001070       0x94 ./Core/Src/lcd.o
 .text.lcd_readreg
                0x08001104       0x88 ./Core/Src/lcd.o
 .text.lcd_senddata
                0x0800118c       0x58 ./Core/Src/lcd.o
 .text.lcd_recvdata
                0x080011e4       0x5c ./Core/Src/lcd.o
 .text.MPU_Config
                0x08001240       0x90 ./Core/Src/main.o
 .text.CPU_CACHE_Enable
                0x080012d0       0xdc ./Core/Src/main.o
 .text.LED_Pisca
                0x080013ac       0x34 ./Core/Src/main.o
                0x080013ac                LED_Pisca
 .text.main     0x080013e0      0x2dc ./Core/Src/main.o
                0x080013e0                main
 .text.SystemClock_Config
                0x080016bc       0xf4 ./Core/Src/main.o
                0x080016bc                SystemClock_Config
 .text.PeriphCommonClock_Config
                0x080017b0       0x64 ./Core/Src/main.o
                0x080017b0                PeriphCommonClock_Config
 .text.Error_Handler
                0x08001814        0xe ./Core/Src/main.o
                0x08001814                Error_Handler
 *fill*         0x08001822        0x2 
 .text.MX_SPI4_Init
                0x08001824       0xb0 ./Core/Src/spi.o
                0x08001824                MX_SPI4_Init
 .text.HAL_SPI_MspInit
                0x080018d4       0xd0 ./Core/Src/spi.o
                0x080018d4                HAL_SPI_MspInit
 .text.ST7735_RegisterBusIO
                0x080019a4       0xa8 ./Core/Src/st7735.o
                0x080019a4                ST7735_RegisterBusIO
 .text.ST7735_Init
                0x08001a4c      0x77e ./Core/Src/st7735.o
                0x08001a4c                ST7735_Init
 .text.ST7735_DeInit
                0x080021ca       0x16 ./Core/Src/st7735.o
                0x080021ca                ST7735_DeInit
 .text.ST7735_ReadID
                0x080021e0       0x8e ./Core/Src/st7735.o
                0x080021e0                ST7735_ReadID
 *fill*         0x0800226e        0x2 
 .text.ST7735_DisplayOn
                0x08002270       0xc8 ./Core/Src/st7735.o
                0x08002270                ST7735_DisplayOn
 .text.ST7735_DisplayOff
                0x08002338       0xc8 ./Core/Src/st7735.o
                0x08002338                ST7735_DisplayOff
 .text.ST7735_SetBrightness
                0x08002400       0x1a ./Core/Src/st7735.o
                0x08002400                ST7735_SetBrightness
 .text.ST7735_GetBrightness
                0x0800241a       0x1a ./Core/Src/st7735.o
                0x0800241a                ST7735_GetBrightness
 .text.ST7735_SetOrientation
                0x08002434      0x11c ./Core/Src/st7735.o
                0x08002434                ST7735_SetOrientation
 .text.ST7735_GetOrientation
                0x08002550       0x24 ./Core/Src/st7735.o
                0x08002550                ST7735_GetOrientation
 .text.ST7735_SetCursor
                0x08002574      0x178 ./Core/Src/st7735.o
                0x08002574                ST7735_SetCursor
 .text.ST7735_DrawBitmap
                0x080026ec      0x214 ./Core/Src/st7735.o
                0x080026ec                ST7735_DrawBitmap
 .text.ST7735_FillRGBRect
                0x08002900       0xd4 ./Core/Src/st7735.o
                0x08002900                ST7735_FillRGBRect
 .text.ST7735_DrawHLine
                0x080029d4       0xa0 ./Core/Src/st7735.o
                0x080029d4                ST7735_DrawHLine
 .text.ST7735_DrawVLine
                0x08002a74       0x68 ./Core/Src/st7735.o
                0x08002a74                ST7735_DrawVLine
 .text.ST7735_FillRect
                0x08002adc       0x58 ./Core/Src/st7735.o
                0x08002adc                ST7735_FillRect
 .text.ST7735_SetPixel
                0x08002b34       0x88 ./Core/Src/st7735.o
                0x08002b34                ST7735_SetPixel
 .text.ST7735_GetPixel
                0x08002bbc       0x9e ./Core/Src/st7735.o
                0x08002bbc                ST7735_GetPixel
 *fill*         0x08002c5a        0x2 
 .text.ST7735_GetXSize
                0x08002c5c       0x24 ./Core/Src/st7735.o
                0x08002c5c                ST7735_GetXSize
 .text.ST7735_GetYSize
                0x08002c80       0x24 ./Core/Src/st7735.o
                0x08002c80                ST7735_GetYSize
 .text.ST7735_SetDisplayWindow
                0x08002ca4      0x208 ./Core/Src/st7735.o
 .text.ST7735_ReadRegWrap
                0x08002eac       0x28 ./Core/Src/st7735.o
 .text.ST7735_WriteRegWrap
                0x08002ed4       0x2a ./Core/Src/st7735.o
 .text.ST7735_SendDataWrap
                0x08002efe       0x24 ./Core/Src/st7735.o
 .text.ST7735_RecvDataWrap
                0x08002f22       0x24 ./Core/Src/st7735.o
 .text.ST7735_IO_Delay
                0x08002f46       0x34 ./Core/Src/st7735.o
 .text.st7735_read_reg
                0x08002f7a       0x26 ./Core/Src/st7735_reg.o
                0x08002f7a                st7735_read_reg
 .text.st7735_write_reg
                0x08002fa0       0x2a ./Core/Src/st7735_reg.o
                0x08002fa0                st7735_write_reg
 .text.st7735_send_data
                0x08002fca       0x24 ./Core/Src/st7735_reg.o
                0x08002fca                st7735_send_data
 .text.st7735_recv_data
                0x08002fee       0x24 ./Core/Src/st7735_reg.o
                0x08002fee                st7735_recv_data
 *fill*         0x08003012        0x2 
 .text.HAL_MspInit
                0x08003014       0x58 ./Core/Src/stm32h7xx_hal_msp.o
                0x08003014                HAL_MspInit
 .text.NMI_Handler
                0x0800306c        0x8 ./Core/Src/stm32h7xx_it.o
                0x0800306c                NMI_Handler
 .text.HardFault_Handler
                0x08003074        0x8 ./Core/Src/stm32h7xx_it.o
                0x08003074                HardFault_Handler
 .text.MemManage_Handler
                0x0800307c        0x8 ./Core/Src/stm32h7xx_it.o
                0x0800307c                MemManage_Handler
 .text.BusFault_Handler
                0x08003084        0x8 ./Core/Src/stm32h7xx_it.o
                0x08003084                BusFault_Handler
 .text.UsageFault_Handler
                0x0800308c        0x8 ./Core/Src/stm32h7xx_it.o
                0x0800308c                UsageFault_Handler
 .text.SVC_Handler
                0x08003094        0xe ./Core/Src/stm32h7xx_it.o
                0x08003094                SVC_Handler
 .text.DebugMon_Handler
                0x080030a2        0xe ./Core/Src/stm32h7xx_it.o
                0x080030a2                DebugMon_Handler
 .text.PendSV_Handler
                0x080030b0        0xe ./Core/Src/stm32h7xx_it.o
                0x080030b0                PendSV_Handler
 .text.SysTick_Handler
                0x080030be        0xc ./Core/Src/stm32h7xx_it.o
                0x080030be                SysTick_Handler
 *fill*         0x080030ca        0x2 
 .text.TIM2_IRQHandler
                0x080030cc       0x14 ./Core/Src/stm32h7xx_it.o
                0x080030cc                TIM2_IRQHandler
 .text.OTG_FS_IRQHandler
                0x080030e0       0x14 ./Core/Src/stm32h7xx_it.o
                0x080030e0                OTG_FS_IRQHandler
 .text._sbrk    0x080030f4       0x6c ./Core/Src/sysmem.o
                0x080030f4                _sbrk
 .text.SystemInit
                0x08003160      0x110 ./Core/Src/system_stm32h7xx.o
                0x08003160                SystemInit
 .text.MX_TIM1_Init
                0x08003270      0x120 ./Core/Src/tim.o
                0x08003270                MX_TIM1_Init
 .text.MX_TIM2_Init
                0x08003390       0xa8 ./Core/Src/tim.o
                0x08003390                MX_TIM2_Init
 .text.HAL_TIM_PWM_MspInit
                0x08003438       0x44 ./Core/Src/tim.o
                0x08003438                HAL_TIM_PWM_MspInit
 .text.HAL_TIM_Encoder_MspInit
                0x0800347c       0xa0 ./Core/Src/tim.o
                0x0800347c                HAL_TIM_Encoder_MspInit
 .text.HAL_TIM_MspPostInit
                0x0800351c       0x78 ./Core/Src/tim.o
                0x0800351c                HAL_TIM_MspPostInit
 .text.Reset_Handler
                0x08003594       0x50 ./Core/Startup/startup_stm32h750vbtx.o
                0x08003594                Reset_Handler
 .text.Default_Handler
                0x080035e4        0x2 ./Core/Startup/startup_stm32h750vbtx.o
                0x080035e4                RTC_Alarm_IRQHandler
                0x080035e4                HASH_RNG_IRQHandler
                0x080035e4                EXTI2_IRQHandler
                0x080035e4                TIM8_CC_IRQHandler
                0x080035e4                HRTIM1_Master_IRQHandler
                0x080035e4                UART8_IRQHandler
                0x080035e4                SPI4_IRQHandler
                0x080035e4                TIM1_CC_IRQHandler
                0x080035e4                BDMA_Channel6_IRQHandler
                0x080035e4                DMA2_Stream5_IRQHandler
                0x080035e4                HRTIM1_FLT_IRQHandler
                0x080035e4                JPEG_IRQHandler
                0x080035e4                DMA1_Stream5_IRQHandler
                0x080035e4                BDMA_Channel1_IRQHandler
                0x080035e4                HRTIM1_TIMD_IRQHandler
                0x080035e4                TAMP_STAMP_IRQHandler
                0x080035e4                EXTI3_IRQHandler
                0x080035e4                LPTIM4_IRQHandler
                0x080035e4                TIM8_TRG_COM_TIM14_IRQHandler
                0x080035e4                LPTIM2_IRQHandler
                0x080035e4                DFSDM1_FLT1_IRQHandler
                0x080035e4                DMAMUX2_OVR_IRQHandler
                0x080035e4                TIM8_UP_TIM13_IRQHandler
                0x080035e4                I2C3_ER_IRQHandler
                0x080035e4                DFSDM1_FLT2_IRQHandler
                0x080035e4                MDMA_IRQHandler
                0x080035e4                LPTIM3_IRQHandler
                0x080035e4                HSEM1_IRQHandler
                0x080035e4                EXTI0_IRQHandler
                0x080035e4                I2C2_EV_IRQHandler
                0x080035e4                DMA1_Stream2_IRQHandler
                0x080035e4                FPU_IRQHandler
                0x080035e4                OTG_HS_WKUP_IRQHandler
                0x080035e4                FDCAN1_IT1_IRQHandler
                0x080035e4                LTDC_ER_IRQHandler
                0x080035e4                DMA2_Stream2_IRQHandler
                0x080035e4                HRTIM1_TIME_IRQHandler
                0x080035e4                SPI1_IRQHandler
                0x080035e4                TIM6_DAC_IRQHandler
                0x080035e4                DCMI_IRQHandler
                0x080035e4                HRTIM1_TIMC_IRQHandler
                0x080035e4                DMA2_Stream3_IRQHandler
                0x080035e4                SAI2_IRQHandler
                0x080035e4                DFSDM1_FLT3_IRQHandler
                0x080035e4                USART6_IRQHandler
                0x080035e4                TIM17_IRQHandler
                0x080035e4                USART3_IRQHandler
                0x080035e4                BDMA_Channel7_IRQHandler
                0x080035e4                CRYP_IRQHandler
                0x080035e4                LPTIM5_IRQHandler
                0x080035e4                UART5_IRQHandler
                0x080035e4                ADC3_IRQHandler
                0x080035e4                DMA2_Stream0_IRQHandler
                0x080035e4                TIM4_IRQHandler
                0x080035e4                BDMA_Channel2_IRQHandler
                0x080035e4                QUADSPI_IRQHandler
                0x080035e4                I2C1_EV_IRQHandler
                0x080035e4                DMA1_Stream6_IRQHandler
                0x080035e4                DMAMUX1_OVR_IRQHandler
                0x080035e4                DMA1_Stream1_IRQHandler
                0x080035e4                TIM16_IRQHandler
                0x080035e4                UART4_IRQHandler
                0x080035e4                BDMA_Channel5_IRQHandler
                0x080035e4                TIM3_IRQHandler
                0x080035e4                RCC_IRQHandler
                0x080035e4                TIM8_BRK_TIM12_IRQHandler
                0x080035e4                TIM1_TRG_COM_IRQHandler
                0x080035e4                Default_Handler
                0x080035e4                ECC_IRQHandler
                0x080035e4                CEC_IRQHandler
                0x080035e4                EXTI15_10_IRQHandler
                0x080035e4                BDMA_Channel0_IRQHandler
                0x080035e4                ADC_IRQHandler
                0x080035e4                DMA1_Stream7_IRQHandler
                0x080035e4                HRTIM1_TIMA_IRQHandler
                0x080035e4                SPI5_IRQHandler
                0x080035e4                TIM7_IRQHandler
                0x080035e4                SDMMC1_IRQHandler
                0x080035e4                TIM5_IRQHandler
                0x080035e4                DMA2_Stream7_IRQHandler
                0x080035e4                TIM15_IRQHandler
                0x080035e4                PVD_AVD_IRQHandler
                0x080035e4                I2C3_EV_IRQHandler
                0x080035e4                EXTI9_5_IRQHandler
                0x080035e4                RTC_WKUP_IRQHandler
                0x080035e4                LTDC_IRQHandler
                0x080035e4                SAI3_IRQHandler
                0x080035e4                ETH_WKUP_IRQHandler
                0x080035e4                SPDIF_RX_IRQHandler
                0x080035e4                SPI2_IRQHandler
                0x080035e4                OTG_HS_EP1_IN_IRQHandler
                0x080035e4                DMA1_Stream0_IRQHandler
                0x080035e4                CRS_IRQHandler
                0x080035e4                EXTI4_IRQHandler
                0x080035e4                HRTIM1_TIMB_IRQHandler
                0x080035e4                FDCAN2_IT1_IRQHandler
                0x080035e4                ETH_IRQHandler
                0x080035e4                TIM1_UP_IRQHandler
                0x080035e4                BDMA_Channel4_IRQHandler
                0x080035e4                OTG_HS_EP1_OUT_IRQHandler
                0x080035e4                WWDG_IRQHandler
                0x080035e4                SPI6_IRQHandler
                0x080035e4                MDIOS_IRQHandler
                0x080035e4                I2C4_EV_IRQHandler
                0x080035e4                FDCAN2_IT0_IRQHandler
                0x080035e4                LPUART1_IRQHandler
                0x080035e4                FDCAN1_IT0_IRQHandler
                0x080035e4                OTG_FS_WKUP_IRQHandler
                0x080035e4                OTG_HS_IRQHandler
                0x080035e4                DMA2D_IRQHandler
                0x080035e4                TIM1_BRK_IRQHandler
                0x080035e4                EXTI1_IRQHandler
                0x080035e4                SDMMC2_IRQHandler
                0x080035e4                OTG_FS_EP1_OUT_IRQHandler
                0x080035e4                BDMA_Channel3_IRQHandler
                0x080035e4                UART7_IRQHandler
                0x080035e4                MDIOS_WKUP_IRQHandler
                0x080035e4                USART2_IRQHandler
                0x080035e4                DFSDM1_FLT0_IRQHandler
                0x080035e4                SAI4_IRQHandler
                0x080035e4                I2C2_ER_IRQHandler
                0x080035e4                DMA2_Stream1_IRQHandler
                0x080035e4                FLASH_IRQHandler
                0x080035e4                DMA2_Stream4_IRQHandler
                0x080035e4                USART1_IRQHandler
                0x080035e4                SPI3_IRQHandler
                0x080035e4                WAKEUP_PIN_IRQHandler
                0x080035e4                DMA1_Stream4_IRQHandler
                0x080035e4                OTG_FS_EP1_IN_IRQHandler
                0x080035e4                I2C1_ER_IRQHandler
                0x080035e4                FMC_IRQHandler
                0x080035e4                FDCAN_CAL_IRQHandler
                0x080035e4                SWPMI1_IRQHandler
                0x080035e4                COMP1_IRQHandler
                0x080035e4                LPTIM1_IRQHandler
                0x080035e4                I2C4_ER_IRQHandler
                0x080035e4                DMA2_Stream6_IRQHandler
                0x080035e4                SAI1_IRQHandler
                0x080035e4                DMA1_Stream3_IRQHandler
 *fill*         0x080035e6        0x2 
 .text.HAL_Init
                0x080035e8       0x78 ./Drivers/STM32H7xx_HAL_Driver/Src/stm32h7xx_hal.o
                0x080035e8                HAL_Init
 .text.HAL_InitTick
                0x08003660       0x6c ./Drivers/STM32H7xx_HAL_Driver/Src/stm32h7xx_hal.o
                0x08003660                HAL_InitTick
 .text.HAL_IncTick
                0x080036cc       0x28 ./Drivers/STM32H7xx_HAL_Driver/Src/stm32h7xx_hal.o
                0x080036cc                HAL_IncTick
 .text.HAL_GetTick
                0x080036f4       0x18 ./Drivers/STM32H7xx_HAL_Driver/Src/stm32h7xx_hal.o
                0x080036f4                HAL_GetTick
 .text.HAL_Delay
                0x0800370c       0x48 ./Drivers/STM32H7xx_HAL_Driver/Src/stm32h7xx_hal.o
                0x0800370c                HAL_Delay
 .text.HAL_GetREVID
                0x08003754       0x18 ./Drivers/STM32H7xx_HAL_Driver/Src/stm32h7xx_hal.o
                0x08003754                HAL_GetREVID
 .text.HAL_SYSCFG_VREFBUF_HighImpedanceConfig
                0x0800376c       0x28 ./Drivers/STM32H7xx_HAL_Driver/Src/stm32h7xx_hal.o
                0x0800376c                HAL_SYSCFG_VREFBUF_HighImpedanceConfig
 .text.HAL_SYSCFG_DisableVREFBUF
                0x08003794       0x20 ./Drivers/STM32H7xx_HAL_Driver/Src/stm32h7xx_hal.o
                0x08003794                HAL_SYSCFG_DisableVREFBUF
 .text.HAL_SYSCFG_AnalogSwitchConfig
                0x080037b4       0x2c ./Drivers/STM32H7xx_HAL_Driver/Src/stm32h7xx_hal.o
                0x080037b4                HAL_SYSCFG_AnalogSwitchConfig
 .text.LL_ADC_SetCommonClock
                0x080037e0       0x26 ./Drivers/STM32H7xx_HAL_Driver/Src/stm32h7xx_hal_adc.o
 .text.LL_ADC_SetCommonPathInternalCh
                0x08003806       0x26 ./Drivers/STM32H7xx_HAL_Driver/Src/stm32h7xx_hal_adc.o
 .text.LL_ADC_GetCommonPathInternalCh
                0x0800382c       0x1c ./Drivers/STM32H7xx_HAL_Driver/Src/stm32h7xx_hal_adc.o
 .text.LL_ADC_SetOffset
                0x08003848       0x40 ./Drivers/STM32H7xx_HAL_Driver/Src/stm32h7xx_hal_adc.o
 .text.LL_ADC_SetDataRightShift
                0x08003888       0x32 ./Drivers/STM32H7xx_HAL_Driver/Src/stm32h7xx_hal_adc.o
 .text.LL_ADC_SetOffsetSignedSaturation
                0x080038ba       0x36 ./Drivers/STM32H7xx_HAL_Driver/Src/stm32h7xx_hal_adc.o
 .text.LL_ADC_REG_IsTriggerSourceSWStart
                0x080038f0       0x26 ./Drivers/STM32H7xx_HAL_Driver/Src/stm32h7xx_hal_adc.o
 .text.LL_ADC_REG_SetSequencerRanks
                0x08003916       0x58 ./Drivers/STM32H7xx_HAL_Driver/Src/stm32h7xx_hal_adc.o
 .text.LL_ADC_SetChannelSamplingTime
                0x0800396e       0x56 ./Drivers/STM32H7xx_HAL_Driver/Src/stm32h7xx_hal_adc.o
 .text.LL_ADC_SetChannelSingleDiff
                0x080039c4       0x48 ./Drivers/STM32H7xx_HAL_Driver/Src/stm32h7xx_hal_adc.o
 .text.LL_ADC_GetMultimode
                0x08003a0c       0x1c ./Drivers/STM32H7xx_HAL_Driver/Src/stm32h7xx_hal_adc.o
 .text.LL_ADC_GetMultiDMATransfer
                0x08003a28       0x1c ./Drivers/STM32H7xx_HAL_Driver/Src/stm32h7xx_hal_adc.o
 .text.LL_ADC_DisableDeepPowerDown
                0x08003a44       0x24 ./Drivers/STM32H7xx_HAL_Driver/Src/stm32h7xx_hal_adc.o
 .text.LL_ADC_IsDeepPowerDownEnabled
                0x08003a68       0x28 ./Drivers/STM32H7xx_HAL_Driver/Src/stm32h7xx_hal_adc.o
 .text.LL_ADC_EnableInternalRegulator
                0x08003a90       0x28 ./Drivers/STM32H7xx_HAL_Driver/Src/stm32h7xx_hal_adc.o
 .text.LL_ADC_IsInternalRegulatorEnabled
                0x08003ab8       0x28 ./Drivers/STM32H7xx_HAL_Driver/Src/stm32h7xx_hal_adc.o
 .text.LL_ADC_Enable
                0x08003ae0       0x28 ./Drivers/STM32H7xx_HAL_Driver/Src/stm32h7xx_hal_adc.o
 .text.LL_ADC_Disable
                0x08003b08       0x28 ./Drivers/STM32H7xx_HAL_Driver/Src/stm32h7xx_hal_adc.o
 .text.LL_ADC_IsEnabled
                0x08003b30       0x26 ./Drivers/STM32H7xx_HAL_Driver/Src/stm32h7xx_hal_adc.o
 .text.LL_ADC_IsDisableOngoing
                0x08003b56       0x26 ./Drivers/STM32H7xx_HAL_Driver/Src/stm32h7xx_hal_adc.o
 .text.LL_ADC_REG_StartConversion
                0x08003b7c       0x28 ./Drivers/STM32H7xx_HAL_Driver/Src/stm32h7xx_hal_adc.o
 .text.LL_ADC_REG_StopConversion
                0x08003ba4       0x28 ./Drivers/STM32H7xx_HAL_Driver/Src/stm32h7xx_hal_adc.o
 .text.LL_ADC_REG_IsConversionOngoing
                0x08003bcc       0x26 ./Drivers/STM32H7xx_HAL_Driver/Src/stm32h7xx_hal_adc.o
 *fill*         0x08003bf2        0x2 
 .text.LL_ADC_INJ_StopConversion
                0x08003bf4       0x28 ./Drivers/STM32H7xx_HAL_Driver/Src/stm32h7xx_hal_adc.o
 .text.LL_ADC_INJ_IsConversionOngoing
                0x08003c1c       0x26 ./Drivers/STM32H7xx_HAL_Driver/Src/stm32h7xx_hal_adc.o
 *fill*         0x08003c42        0x2 
 .text.HAL_ADC_Init
                0x08003c44      0x344 ./Drivers/STM32H7xx_HAL_Driver/Src/stm32h7xx_hal_adc.o
                0x08003c44                HAL_ADC_Init
 .text.HAL_ADC_Start
                0x08003f88      0x194 ./Drivers/STM32H7xx_HAL_Driver/Src/stm32h7xx_hal_adc.o
                0x08003f88                HAL_ADC_Start
 .text.HAL_ADC_Stop
                0x0800411c       0x68 ./Drivers/STM32H7xx_HAL_Driver/Src/stm32h7xx_hal_adc.o
                0x0800411c                HAL_ADC_Stop
 .text.HAL_ADC_PollForConversion
                0x08004184      0x1e8 ./Drivers/STM32H7xx_HAL_Driver/Src/stm32h7xx_hal_adc.o
                0x08004184                HAL_ADC_PollForConversion
 .text.HAL_ADC_GetValue
                0x0800436c       0x1a ./Drivers/STM32H7xx_HAL_Driver/Src/stm32h7xx_hal_adc.o
                0x0800436c                HAL_ADC_GetValue
 *fill*         0x08004386        0x2 
 .text.HAL_ADC_ConfigChannel
                0x08004388      0x6b8 ./Drivers/STM32H7xx_HAL_Driver/Src/stm32h7xx_hal_adc.o
                0x08004388                HAL_ADC_ConfigChannel
 .text.ADC_ConversionStop
                0x08004a40      0x178 ./Drivers/STM32H7xx_HAL_Driver/Src/stm32h7xx_hal_adc.o
                0x08004a40                ADC_ConversionStop
 .text.ADC_Enable
                0x08004bb8      0x114 ./Drivers/STM32H7xx_HAL_Driver/Src/stm32h7xx_hal_adc.o
                0x08004bb8                ADC_Enable
 .text.ADC_Disable
                0x08004ccc       0xbe ./Drivers/STM32H7xx_HAL_Driver/Src/stm32h7xx_hal_adc.o
                0x08004ccc                ADC_Disable
 *fill*         0x08004d8a        0x2 
 .text.ADC_ConfigureBoostMode
                0x08004d8c      0x218 ./Drivers/STM32H7xx_HAL_Driver/Src/stm32h7xx_hal_adc.o
                0x08004d8c                ADC_ConfigureBoostMode
 .text.LL_ADC_StartCalibration
                0x08004fa4       0x3c ./Drivers/STM32H7xx_HAL_Driver/Src/stm32h7xx_hal_adc_ex.o
 .text.LL_ADC_IsCalibrationOnGoing
                0x08004fe0       0x28 ./Drivers/STM32H7xx_HAL_Driver/Src/stm32h7xx_hal_adc_ex.o
 .text.HAL_ADCEx_Calibration_Start
                0x08005008       0xc8 ./Drivers/STM32H7xx_HAL_Driver/Src/stm32h7xx_hal_adc_ex.o
                0x08005008                HAL_ADCEx_Calibration_Start
 .text.__NVIC_SetPriorityGrouping
                0x080050d0       0x48 ./Drivers/STM32H7xx_HAL_Driver/Src/stm32h7xx_hal_cortex.o
 .text.__NVIC_GetPriorityGrouping
                0x08005118       0x1c ./Drivers/STM32H7xx_HAL_Driver/Src/stm32h7xx_hal_cortex.o
 .text.__NVIC_EnableIRQ
                0x08005134       0x3c ./Drivers/STM32H7xx_HAL_Driver/Src/stm32h7xx_hal_cortex.o
 .text.__NVIC_SetPriority
                0x08005170       0x54 ./Drivers/STM32H7xx_HAL_Driver/Src/stm32h7xx_hal_cortex.o
 .text.NVIC_EncodePriority
                0x080051c4       0x66 ./Drivers/STM32H7xx_HAL_Driver/Src/stm32h7xx_hal_cortex.o
 *fill*         0x0800522a        0x2 
 .text.SysTick_Config
                0x0800522c       0x44 ./Drivers/STM32H7xx_HAL_Driver/Src/stm32h7xx_hal_cortex.o
 .text.HAL_NVIC_SetPriorityGrouping
                0x08005270       0x16 ./Drivers/STM32H7xx_HAL_Driver/Src/stm32h7xx_hal_cortex.o
                0x08005270                HAL_NVIC_SetPriorityGrouping
 .text.HAL_NVIC_SetPriority
                0x08005286       0x34 ./Drivers/STM32H7xx_HAL_Driver/Src/stm32h7xx_hal_cortex.o
                0x08005286                HAL_NVIC_SetPriority
 .text.HAL_NVIC_EnableIRQ
                0x080052ba       0x1c ./Drivers/STM32H7xx_HAL_Driver/Src/stm32h7xx_hal_cortex.o
                0x080052ba                HAL_NVIC_EnableIRQ
 .text.HAL_SYSTICK_Config
                0x080052d6       0x18 ./Drivers/STM32H7xx_HAL_Driver/Src/stm32h7xx_hal_cortex.o
                0x080052d6                HAL_SYSTICK_Config
 *fill*         0x080052ee        0x2 
 .text.HAL_MPU_Disable
                0x080052f0       0x30 ./Drivers/STM32H7xx_HAL_Driver/Src/stm32h7xx_hal_cortex.o
                0x080052f0                HAL_MPU_Disable
 .text.HAL_MPU_Enable
                0x08005320       0x40 ./Drivers/STM32H7xx_HAL_Driver/Src/stm32h7xx_hal_cortex.o
                0x08005320                HAL_MPU_Enable
 .text.HAL_MPU_ConfigRegion
                0x08005360       0x80 ./Drivers/STM32H7xx_HAL_Driver/Src/stm32h7xx_hal_cortex.o
                0x08005360                HAL_MPU_ConfigRegion
 .text.HAL_GPIO_Init
                0x080053e0      0x360 ./Drivers/STM32H7xx_HAL_Driver/Src/stm32h7xx_hal_gpio.o
                0x080053e0                HAL_GPIO_Init
 .text.HAL_GPIO_ReadPin
                0x08005740       0x30 ./Drivers/STM32H7xx_HAL_Driver/Src/stm32h7xx_hal_gpio.o
                0x08005740                HAL_GPIO_ReadPin
 .text.HAL_GPIO_WritePin
                0x08005770       0x32 ./Drivers/STM32H7xx_HAL_Driver/Src/stm32h7xx_hal_gpio.o
                0x08005770                HAL_GPIO_WritePin
 .text.HAL_PCD_Init
                0x080057a2      0x218 ./Drivers/STM32H7xx_HAL_Driver/Src/stm32h7xx_hal_pcd.o
                0x080057a2                HAL_PCD_Init
 .text.HAL_PCD_Start
                0x080059ba       0x6a ./Drivers/STM32H7xx_HAL_Driver/Src/stm32h7xx_hal_pcd.o
                0x080059ba                HAL_PCD_Start
 .text.HAL_PCD_IRQHandler
                0x08005a24      0x99c ./Drivers/STM32H7xx_HAL_Driver/Src/stm32h7xx_hal_pcd.o
                0x08005a24                HAL_PCD_IRQHandler
 .text.HAL_PCD_SetAddress
                0x080063c0       0x48 ./Drivers/STM32H7xx_HAL_Driver/Src/stm32h7xx_hal_pcd.o
                0x080063c0                HAL_PCD_SetAddress
 .text.HAL_PCD_EP_Open
                0x08006408       0xd0 ./Drivers/STM32H7xx_HAL_Driver/Src/stm32h7xx_hal_pcd.o
                0x08006408                HAL_PCD_EP_Open
 .text.HAL_PCD_EP_Close
                0x080064d8       0x94 ./Drivers/STM32H7xx_HAL_Driver/Src/stm32h7xx_hal_pcd.o
                0x080064d8                HAL_PCD_EP_Close
 .text.HAL_PCD_EP_Receive
                0x0800656c       0x76 ./Drivers/STM32H7xx_HAL_Driver/Src/stm32h7xx_hal_pcd.o
                0x0800656c                HAL_PCD_EP_Receive
 .text.HAL_PCD_EP_GetRxCount
                0x080065e2       0x30 ./Drivers/STM32H7xx_HAL_Driver/Src/stm32h7xx_hal_pcd.o
                0x080065e2                HAL_PCD_EP_GetRxCount
 .text.HAL_PCD_EP_Transmit
                0x08006612       0x74 ./Drivers/STM32H7xx_HAL_Driver/Src/stm32h7xx_hal_pcd.o
                0x08006612                HAL_PCD_EP_Transmit
 .text.HAL_PCD_EP_SetStall
                0x08006686       0xc6 ./Drivers/STM32H7xx_HAL_Driver/Src/stm32h7xx_hal_pcd.o
                0x08006686                HAL_PCD_EP_SetStall
 .text.HAL_PCD_EP_ClrStall
                0x0800674c       0xac ./Drivers/STM32H7xx_HAL_Driver/Src/stm32h7xx_hal_pcd.o
                0x0800674c                HAL_PCD_EP_ClrStall
 .text.HAL_PCD_EP_Abort
                0x080067f8       0x62 ./Drivers/STM32H7xx_HAL_Driver/Src/stm32h7xx_hal_pcd.o
                0x080067f8                HAL_PCD_EP_Abort
 .text.PCD_WriteEmptyTxFifo
                0x0800685a      0x118 ./Drivers/STM32H7xx_HAL_Driver/Src/stm32h7xx_hal_pcd.o
 *fill*         0x08006972        0x2 
 .text.PCD_EP_OutXfrComplete_int
                0x08006974      0x1d0 ./Drivers/STM32H7xx_HAL_Driver/Src/stm32h7xx_hal_pcd.o
 .text.PCD_EP_OutSetupPacket_int
                0x08006b44       0x8c ./Drivers/STM32H7xx_HAL_Driver/Src/stm32h7xx_hal_pcd.o
 .text.HAL_PCDEx_SetTxFiFo
                0x08006bd0       0x8e ./Drivers/STM32H7xx_HAL_Driver/Src/stm32h7xx_hal_pcd_ex.o
                0x08006bd0                HAL_PCDEx_SetTxFiFo
 .text.HAL_PCDEx_SetRxFiFo
                0x08006c5e       0x22 ./Drivers/STM32H7xx_HAL_Driver/Src/stm32h7xx_hal_pcd_ex.o
                0x08006c5e                HAL_PCDEx_SetRxFiFo
 .text.HAL_PCDEx_ActivateLPM
                0x08006c80       0x48 ./Drivers/STM32H7xx_HAL_Driver/Src/stm32h7xx_hal_pcd_ex.o
                0x08006c80                HAL_PCDEx_ActivateLPM
 .text.HAL_PCDEx_LPM_Callback
                0x08006cc8       0x18 ./Drivers/STM32H7xx_HAL_Driver/Src/stm32h7xx_hal_pcd_ex.o
                0x08006cc8                HAL_PCDEx_LPM_Callback
 .text.HAL_PWREx_ConfigSupply
                0x08006ce0       0x74 ./Drivers/STM32H7xx_HAL_Driver/Src/stm32h7xx_hal_pwr_ex.o
                0x08006ce0                HAL_PWREx_ConfigSupply
 .text.HAL_PWREx_EnableUSBVoltageDetector
                0x08006d54       0x20 ./Drivers/STM32H7xx_HAL_Driver/Src/stm32h7xx_hal_pwr_ex.o
                0x08006d54                HAL_PWREx_EnableUSBVoltageDetector
 .text.HAL_RCC_OscConfig
                0x08006d74      0x8b4 ./Drivers/STM32H7xx_HAL_Driver/Src/stm32h7xx_hal_rcc.o
                0x08006d74                HAL_RCC_OscConfig
 .text.HAL_RCC_ClockConfig
                0x08007628      0x36c ./Drivers/STM32H7xx_HAL_Driver/Src/stm32h7xx_hal_rcc.o
                0x08007628                HAL_RCC_ClockConfig
 .text.HAL_RCC_GetSysClockFreq
                0x08007994      0x2f4 ./Drivers/STM32H7xx_HAL_Driver/Src/stm32h7xx_hal_rcc.o
                0x08007994                HAL_RCC_GetSysClockFreq
 .text.HAL_RCC_GetHCLKFreq
                0x08007c88       0x60 ./Drivers/STM32H7xx_HAL_Driver/Src/stm32h7xx_hal_rcc.o
                0x08007c88                HAL_RCC_GetHCLKFreq
 .text.HAL_RCC_GetPCLK1Freq
                0x08007ce8       0x2c ./Drivers/STM32H7xx_HAL_Driver/Src/stm32h7xx_hal_rcc.o
                0x08007ce8                HAL_RCC_GetPCLK1Freq
 .text.HAL_RCCEx_PeriphCLKConfig
                0x08007d14     0x1414 ./Drivers/STM32H7xx_HAL_Driver/Src/stm32h7xx_hal_rcc_ex.o
                0x08007d14                HAL_RCCEx_PeriphCLKConfig
 .text.HAL_RCCEx_GetPeriphCLKFreq
                0x08009128      0xb00 ./Drivers/STM32H7xx_HAL_Driver/Src/stm32h7xx_hal_rcc_ex.o
                0x08009128                HAL_RCCEx_GetPeriphCLKFreq
 .text.HAL_RCCEx_GetD3PCLK1Freq
                0x08009c28       0x2c ./Drivers/STM32H7xx_HAL_Driver/Src/stm32h7xx_hal_rcc_ex.o
                0x08009c28                HAL_RCCEx_GetD3PCLK1Freq
 .text.HAL_RCCEx_GetPLL2ClockFreq
                0x08009c54      0x2a8 ./Drivers/STM32H7xx_HAL_Driver/Src/stm32h7xx_hal_rcc_ex.o
                0x08009c54                HAL_RCCEx_GetPLL2ClockFreq
 .text.HAL_RCCEx_GetPLL3ClockFreq
                0x08009efc      0x2a8 ./Drivers/STM32H7xx_HAL_Driver/Src/stm32h7xx_hal_rcc_ex.o
                0x08009efc                HAL_RCCEx_GetPLL3ClockFreq
 .text.HAL_RCCEx_GetPLL1ClockFreq
                0x0800a1a4      0x2a4 ./Drivers/STM32H7xx_HAL_Driver/Src/stm32h7xx_hal_rcc_ex.o
                0x0800a1a4                HAL_RCCEx_GetPLL1ClockFreq
 .text.RCCEx_PLL2_Config
                0x0800a448      0x164 ./Drivers/STM32H7xx_HAL_Driver/Src/stm32h7xx_hal_rcc_ex.o
 .text.RCCEx_PLL3_Config
                0x0800a5ac      0x164 ./Drivers/STM32H7xx_HAL_Driver/Src/stm32h7xx_hal_rcc_ex.o
 .text.HAL_SPI_Init
                0x0800a710      0x248 ./Drivers/STM32H7xx_HAL_Driver/Src/stm32h7xx_hal_spi.o
                0x0800a710                HAL_SPI_Init
 .text.HAL_SPI_Transmit
                0x0800a958      0x3dc ./Drivers/STM32H7xx_HAL_Driver/Src/stm32h7xx_hal_spi.o
                0x0800a958                HAL_SPI_Transmit
 .text.HAL_SPI_Receive
                0x0800ad34      0x4e4 ./Drivers/STM32H7xx_HAL_Driver/Src/stm32h7xx_hal_spi.o
                0x0800ad34                HAL_SPI_Receive
 .text.SPI_CloseTransfer
                0x0800b218      0x140 ./Drivers/STM32H7xx_HAL_Driver/Src/stm32h7xx_hal_spi.o
 .text.SPI_WaitOnFlagUntilTimeout
                0x0800b358       0x5c ./Drivers/STM32H7xx_HAL_Driver/Src/stm32h7xx_hal_spi.o
 .text.SPI_GetPacketSize
                0x0800b3b4       0x36 ./Drivers/STM32H7xx_HAL_Driver/Src/stm32h7xx_hal_spi.o
 .text.HAL_TIM_PWM_Init
                0x0800b3ea       0xae ./Drivers/STM32H7xx_HAL_Driver/Src/stm32h7xx_hal_tim.o
                0x0800b3ea                HAL_TIM_PWM_Init
 .text.HAL_TIM_Encoder_Init
                0x0800b498      0x14c ./Drivers/STM32H7xx_HAL_Driver/Src/stm32h7xx_hal_tim.o
                0x0800b498                HAL_TIM_Encoder_Init
 .text.HAL_TIM_Encoder_Start
                0x0800b5e4      0x11c ./Drivers/STM32H7xx_HAL_Driver/Src/stm32h7xx_hal_tim.o
                0x0800b5e4                HAL_TIM_Encoder_Start
 .text.HAL_TIM_IRQHandler
                0x0800b700      0x20e ./Drivers/STM32H7xx_HAL_Driver/Src/stm32h7xx_hal_tim.o
                0x0800b700                HAL_TIM_IRQHandler
 *fill*         0x0800b90e        0x2 
 .text.HAL_TIM_PWM_ConfigChannel
                0x0800b910      0x228 ./Drivers/STM32H7xx_HAL_Driver/Src/stm32h7xx_hal_tim.o
                0x0800b910                HAL_TIM_PWM_ConfigChannel
 .text.HAL_TIM_PeriodElapsedCallback
                0x0800bb38       0x14 ./Drivers/STM32H7xx_HAL_Driver/Src/stm32h7xx_hal_tim.o
                0x0800bb38                HAL_TIM_PeriodElapsedCallback
 .text.HAL_TIM_OC_DelayElapsedCallback
                0x0800bb4c       0x14 ./Drivers/STM32H7xx_HAL_Driver/Src/stm32h7xx_hal_tim.o
                0x0800bb4c                HAL_TIM_OC_DelayElapsedCallback
 .text.HAL_TIM_IC_CaptureCallback
                0x0800bb60       0x14 ./Drivers/STM32H7xx_HAL_Driver/Src/stm32h7xx_hal_tim.o
                0x0800bb60                HAL_TIM_IC_CaptureCallback
 .text.HAL_TIM_PWM_PulseFinishedCallback
                0x0800bb74       0x14 ./Drivers/STM32H7xx_HAL_Driver/Src/stm32h7xx_hal_tim.o
                0x0800bb74                HAL_TIM_PWM_PulseFinishedCallback
 .text.HAL_TIM_TriggerCallback
                0x0800bb88       0x14 ./Drivers/STM32H7xx_HAL_Driver/Src/stm32h7xx_hal_tim.o
                0x0800bb88                HAL_TIM_TriggerCallback
 .text.TIM_Base_SetConfig
                0x0800bb9c      0x14c ./Drivers/STM32H7xx_HAL_Driver/Src/stm32h7xx_hal_tim.o
                0x0800bb9c                TIM_Base_SetConfig
 .text.TIM_OC1_SetConfig
                0x0800bce8      0x120 ./Drivers/STM32H7xx_HAL_Driver/Src/stm32h7xx_hal_tim.o
 .text.TIM_OC2_SetConfig
                0x0800be08      0x114 ./Drivers/STM32H7xx_HAL_Driver/Src/stm32h7xx_hal_tim.o
                0x0800be08                TIM_OC2_SetConfig
 .text.TIM_OC3_SetConfig
                0x0800bf1c      0x110 ./Drivers/STM32H7xx_HAL_Driver/Src/stm32h7xx_hal_tim.o
 .text.TIM_OC4_SetConfig
                0x0800c02c       0xd4 ./Drivers/STM32H7xx_HAL_Driver/Src/stm32h7xx_hal_tim.o
 .text.TIM_OC5_SetConfig
                0x0800c100       0xc8 ./Drivers/STM32H7xx_HAL_Driver/Src/stm32h7xx_hal_tim.o
 .text.TIM_OC6_SetConfig
                0x0800c1c8       0xcc ./Drivers/STM32H7xx_HAL_Driver/Src/stm32h7xx_hal_tim.o
 .text.TIM_CCxChannelCmd
                0x0800c294       0x4a ./Drivers/STM32H7xx_HAL_Driver/Src/stm32h7xx_hal_tim.o
                0x0800c294                TIM_CCxChannelCmd
 *fill*         0x0800c2de        0x2 
 .text.HAL_TIMEx_PWMN_Start
                0x0800c2e0      0x184 ./Drivers/STM32H7xx_HAL_Driver/Src/stm32h7xx_hal_tim_ex.o
                0x0800c2e0                HAL_TIMEx_PWMN_Start
 .text.HAL_TIMEx_MasterConfigSynchronization
                0x0800c464      0x11c ./Drivers/STM32H7xx_HAL_Driver/Src/stm32h7xx_hal_tim_ex.o
                0x0800c464                HAL_TIMEx_MasterConfigSynchronization
 .text.HAL_TIMEx_ConfigBreakDeadTime
                0x0800c580       0xfc ./Drivers/STM32H7xx_HAL_Driver/Src/stm32h7xx_hal_tim_ex.o
                0x0800c580                HAL_TIMEx_ConfigBreakDeadTime
 .text.HAL_TIMEx_CommutCallback
                0x0800c67c       0x14 ./Drivers/STM32H7xx_HAL_Driver/Src/stm32h7xx_hal_tim_ex.o
                0x0800c67c                HAL_TIMEx_CommutCallback
 .text.HAL_TIMEx_BreakCallback
                0x0800c690       0x14 ./Drivers/STM32H7xx_HAL_Driver/Src/stm32h7xx_hal_tim_ex.o
                0x0800c690                HAL_TIMEx_BreakCallback
 .text.HAL_TIMEx_Break2Callback
                0x0800c6a4       0x14 ./Drivers/STM32H7xx_HAL_Driver/Src/stm32h7xx_hal_tim_ex.o
                0x0800c6a4                HAL_TIMEx_Break2Callback
 .text.TIM_CCxNChannelCmd
                0x0800c6b8       0x4a ./Drivers/STM32H7xx_HAL_Driver/Src/stm32h7xx_hal_tim_ex.o
 *fill*         0x0800c702        0x2 
 .text.USB_CoreInit
                0x0800c704       0xe4 ./Drivers/STM32H7xx_HAL_Driver/Src/stm32h7xx_ll_usb.o
                0x0800c704                USB_CoreInit
 .text.USB_SetTurnaroundTime
                0x0800c7e8      0x144 ./Drivers/STM32H7xx_HAL_Driver/Src/stm32h7xx_ll_usb.o
                0x0800c7e8                USB_SetTurnaroundTime
 .text.USB_EnableGlobalInt
                0x0800c92c       0x22 ./Drivers/STM32H7xx_HAL_Driver/Src/stm32h7xx_ll_usb.o
                0x0800c92c                USB_EnableGlobalInt
 .text.USB_DisableGlobalInt
                0x0800c94e       0x22 ./Drivers/STM32H7xx_HAL_Driver/Src/stm32h7xx_ll_usb.o
                0x0800c94e                USB_DisableGlobalInt
 .text.USB_SetCurrentMode
                0x0800c970       0x98 ./Drivers/STM32H7xx_HAL_Driver/Src/stm32h7xx_ll_usb.o
                0x0800c970                USB_SetCurrentMode
 .text.USB_DevInit
                0x0800ca08      0x2bc ./Drivers/STM32H7xx_HAL_Driver/Src/stm32h7xx_ll_usb.o
                0x0800ca08                USB_DevInit
 .text.USB_FlushTxFifo
                0x0800ccc4       0x64 ./Drivers/STM32H7xx_HAL_Driver/Src/stm32h7xx_ll_usb.o
                0x0800ccc4                USB_FlushTxFifo
 .text.USB_FlushRxFifo
                0x0800cd28       0x5c ./Drivers/STM32H7xx_HAL_Driver/Src/stm32h7xx_ll_usb.o
                0x0800cd28                USB_FlushRxFifo
 .text.USB_SetDevSpeed
                0x0800cd84       0x32 ./Drivers/STM32H7xx_HAL_Driver/Src/stm32h7xx_ll_usb.o
                0x0800cd84                USB_SetDevSpeed
 .text.USB_GetDevSpeed
                0x0800cdb6       0x4a ./Drivers/STM32H7xx_HAL_Driver/Src/stm32h7xx_ll_usb.o
                0x0800cdb6                USB_GetDevSpeed
 .text.USB_ActivateEndpoint
                0x0800ce00      0x110 ./Drivers/STM32H7xx_HAL_Driver/Src/stm32h7xx_ll_usb.o
                0x0800ce00                USB_ActivateEndpoint
 .text.USB_DeactivateEndpoint
                0x0800cf10      0x1b8 ./Drivers/STM32H7xx_HAL_Driver/Src/stm32h7xx_ll_usb.o
                0x0800cf10                USB_DeactivateEndpoint
 .text.USB_EPStartXfer
                0x0800d0c8      0x540 ./Drivers/STM32H7xx_HAL_Driver/Src/stm32h7xx_ll_usb.o
                0x0800d0c8                USB_EPStartXfer
 .text.USB_EPStopXfer
                0x0800d608      0x154 ./Drivers/STM32H7xx_HAL_Driver/Src/stm32h7xx_ll_usb.o
                0x0800d608                USB_EPStopXfer
 .text.USB_WritePacket
                0x0800d75c       0x7c ./Drivers/STM32H7xx_HAL_Driver/Src/stm32h7xx_ll_usb.o
                0x0800d75c                USB_WritePacket
 .text.USB_ReadPacket
                0x0800d7d8       0xb0 ./Drivers/STM32H7xx_HAL_Driver/Src/stm32h7xx_ll_usb.o
                0x0800d7d8                USB_ReadPacket
 .text.USB_EPSetStall
                0x0800d888       0xdc ./Drivers/STM32H7xx_HAL_Driver/Src/stm32h7xx_ll_usb.o
                0x0800d888                USB_EPSetStall
 .text.USB_EPClearStall
                0x0800d964       0xcc ./Drivers/STM32H7xx_HAL_Driver/Src/stm32h7xx_ll_usb.o
                0x0800d964                USB_EPClearStall
 .text.USB_SetDevAddress
                0x0800da30       0x4c ./Drivers/STM32H7xx_HAL_Driver/Src/stm32h7xx_ll_usb.o
                0x0800da30                USB_SetDevAddress
 .text.USB_DevConnect
                0x0800da7c       0x42 ./Drivers/STM32H7xx_HAL_Driver/Src/stm32h7xx_ll_usb.o
                0x0800da7c                USB_DevConnect
 .text.USB_DevDisconnect
                0x0800dabe       0x42 ./Drivers/STM32H7xx_HAL_Driver/Src/stm32h7xx_ll_usb.o
                0x0800dabe                USB_DevDisconnect
 .text.USB_ReadInterrupts
                0x0800db00       0x26 ./Drivers/STM32H7xx_HAL_Driver/Src/stm32h7xx_ll_usb.o
                0x0800db00                USB_ReadInterrupts
 .text.USB_ReadDevAllOutEpInterrupt
                0x0800db26       0x34 ./Drivers/STM32H7xx_HAL_Driver/Src/stm32h7xx_ll_usb.o
                0x0800db26                USB_ReadDevAllOutEpInterrupt
 .text.USB_ReadDevAllInEpInterrupt
                0x0800db5a       0x34 ./Drivers/STM32H7xx_HAL_Driver/Src/stm32h7xx_ll_usb.o
                0x0800db5a                USB_ReadDevAllInEpInterrupt
 .text.USB_ReadDevOutEPInterrupt
                0x0800db8e       0x3c ./Drivers/STM32H7xx_HAL_Driver/Src/stm32h7xx_ll_usb.o
                0x0800db8e                USB_ReadDevOutEPInterrupt
 .text.USB_ReadDevInEPInterrupt
                0x0800dbca       0x5c ./Drivers/STM32H7xx_HAL_Driver/Src/stm32h7xx_ll_usb.o
                0x0800dbca                USB_ReadDevInEPInterrupt
 .text.USB_GetMode
                0x0800dc26       0x1c ./Drivers/STM32H7xx_HAL_Driver/Src/stm32h7xx_ll_usb.o
                0x0800dc26                USB_GetMode
 *fill*         0x0800dc42        0x2 
 .text.USB_ActivateSetup
                0x0800dc44       0x48 ./Drivers/STM32H7xx_HAL_Driver/Src/stm32h7xx_ll_usb.o
                0x0800dc44                USB_ActivateSetup
 .text.USB_EP0_OutStart
                0x0800dc8c       0xbc ./Drivers/STM32H7xx_HAL_Driver/Src/stm32h7xx_ll_usb.o
                0x0800dc8c                USB_EP0_OutStart
 .text.USB_CoreReset
                0x0800dd48       0x62 ./Drivers/STM32H7xx_HAL_Driver/Src/stm32h7xx_ll_usb.o
 *fill*         0x0800ddaa        0x2 
 .text.USBD_CDC_Init
                0x0800ddac      0x1f0 ./Middlewares/ST/STM32_USB_Device_Library/Class/CDC/Src/usbd_cdc.o
 .text.USBD_CDC_DeInit
                0x0800df9c      0x104 ./Middlewares/ST/STM32_USB_Device_Library/Class/CDC/Src/usbd_cdc.o
 .text.USBD_CDC_Setup
                0x0800e0a0      0x1b8 ./Middlewares/ST/STM32_USB_Device_Library/Class/CDC/Src/usbd_cdc.o
 .text.USBD_CDC_DataIn
                0x0800e258       0xfe ./Middlewares/ST/STM32_USB_Device_Library/Class/CDC/Src/usbd_cdc.o
 .text.USBD_CDC_DataOut
                0x0800e356       0x70 ./Middlewares/ST/STM32_USB_Device_Library/Class/CDC/Src/usbd_cdc.o
 .text.USBD_CDC_EP0_RxReady
                0x0800e3c6       0x74 ./Middlewares/ST/STM32_USB_Device_Library/Class/CDC/Src/usbd_cdc.o
 *fill*         0x0800e43a        0x2 
 .text.USBD_CDC_GetFSCfgDesc
                0x0800e43c       0x70 ./Middlewares/ST/STM32_USB_Device_Library/Class/CDC/Src/usbd_cdc.o
 .text.USBD_CDC_GetHSCfgDesc
                0x0800e4ac       0x70 ./Middlewares/ST/STM32_USB_Device_Library/Class/CDC/Src/usbd_cdc.o
 .text.USBD_CDC_GetOtherSpeedCfgDesc
                0x0800e51c       0x70 ./Middlewares/ST/STM32_USB_Device_Library/Class/CDC/Src/usbd_cdc.o
 .text.USBD_CDC_GetDeviceQualifierDescriptor
                0x0800e58c       0x20 ./Middlewares/ST/STM32_USB_Device_Library/Class/CDC/Src/usbd_cdc.o
                0x0800e58c                USBD_CDC_GetDeviceQualifierDescriptor
 .text.USBD_CDC_RegisterInterface
                0x0800e5ac       0x34 ./Middlewares/ST/STM32_USB_Device_Library/Class/CDC/Src/usbd_cdc.o
                0x0800e5ac                USBD_CDC_RegisterInterface
 .text.USBD_CDC_SetTxBuffer
                0x0800e5e0       0x44 ./Middlewares/ST/STM32_USB_Device_Library/Class/CDC/Src/usbd_cdc.o
                0x0800e5e0                USBD_CDC_SetTxBuffer
 .text.USBD_CDC_SetRxBuffer
                0x0800e624       0x3a ./Middlewares/ST/STM32_USB_Device_Library/Class/CDC/Src/usbd_cdc.o
                0x0800e624                USBD_CDC_SetRxBuffer
 *fill*         0x0800e65e        0x2 
 .text.USBD_CDC_TransmitPacket
                0x0800e660       0x80 ./Middlewares/ST/STM32_USB_Device_Library/Class/CDC/Src/usbd_cdc.o
                0x0800e660                USBD_CDC_TransmitPacket
 .text.USBD_CDC_ReceivePacket
                0x0800e6e0       0x6c ./Middlewares/ST/STM32_USB_Device_Library/Class/CDC/Src/usbd_cdc.o
                0x0800e6e0                USBD_CDC_ReceivePacket
 .text.USBD_Init
                0x0800e74c       0x60 ./Middlewares/ST/STM32_USB_Device_Library/Core/Src/usbd_core.o
                0x0800e74c                USBD_Init
 .text.USBD_RegisterClass
                0x0800e7ac       0x6c ./Middlewares/ST/STM32_USB_Device_Library/Core/Src/usbd_core.o
                0x0800e7ac                USBD_RegisterClass
 .text.USBD_Start
                0x0800e818       0x18 ./Middlewares/ST/STM32_USB_Device_Library/Core/Src/usbd_core.o
                0x0800e818                USBD_Start
 .text.USBD_RunTestMode
                0x0800e830       0x16 ./Middlewares/ST/STM32_USB_Device_Library/Core/Src/usbd_core.o
                0x0800e830                USBD_RunTestMode
 .text.USBD_SetClassConfig
                0x0800e846       0x38 ./Middlewares/ST/STM32_USB_Device_Library/Core/Src/usbd_core.o
                0x0800e846                USBD_SetClassConfig
 .text.USBD_ClrClassConfig
                0x0800e87e       0x34 ./Middlewares/ST/STM32_USB_Device_Library/Core/Src/usbd_core.o
                0x0800e87e                USBD_ClrClassConfig
 .text.USBD_LL_SetupStage
                0x0800e8b2       0xaa ./Middlewares/ST/STM32_USB_Device_Library/Core/Src/usbd_core.o
                0x0800e8b2                USBD_LL_SetupStage
 .text.USBD_LL_DataOutStage
                0x0800e95c      0x166 ./Middlewares/ST/STM32_USB_Device_Library/Core/Src/usbd_core.o
                0x0800e95c                USBD_LL_DataOutStage
 .text.USBD_LL_DataInStage
                0x0800eac2      0x164 ./Middlewares/ST/STM32_USB_Device_Library/Core/Src/usbd_core.o
                0x0800eac2                USBD_LL_DataInStage
 .text.USBD_LL_Reset
                0x0800ec26       0xa4 ./Middlewares/ST/STM32_USB_Device_Library/Core/Src/usbd_core.o
                0x0800ec26                USBD_LL_Reset
 .text.USBD_LL_SetSpeed
                0x0800ecca       0x20 ./Middlewares/ST/STM32_USB_Device_Library/Core/Src/usbd_core.o
                0x0800ecca                USBD_LL_SetSpeed
 .text.USBD_LL_Suspend
                0x0800ecea       0x38 ./Middlewares/ST/STM32_USB_Device_Library/Core/Src/usbd_core.o
                0x0800ecea                USBD_LL_Suspend
 .text.USBD_LL_Resume
                0x0800ed22       0x30 ./Middlewares/ST/STM32_USB_Device_Library/Core/Src/usbd_core.o
                0x0800ed22                USBD_LL_Resume
 .text.USBD_LL_SOF
                0x0800ed52       0x40 ./Middlewares/ST/STM32_USB_Device_Library/Core/Src/usbd_core.o
                0x0800ed52                USBD_LL_SOF
 .text.USBD_LL_IsoINIncomplete
                0x0800ed92       0x64 ./Middlewares/ST/STM32_USB_Device_Library/Core/Src/usbd_core.o
                0x0800ed92                USBD_LL_IsoINIncomplete
 .text.USBD_LL_IsoOUTIncomplete
                0x0800edf6       0x64 ./Middlewares/ST/STM32_USB_Device_Library/Core/Src/usbd_core.o
                0x0800edf6                USBD_LL_IsoOUTIncomplete
 .text.USBD_LL_DevConnected
                0x0800ee5a       0x16 ./Middlewares/ST/STM32_USB_Device_Library/Core/Src/usbd_core.o
                0x0800ee5a                USBD_LL_DevConnected
 .text.USBD_LL_DevDisconnected
                0x0800ee70       0x46 ./Middlewares/ST/STM32_USB_Device_Library/Core/Src/usbd_core.o
                0x0800ee70                USBD_LL_DevDisconnected
 .text.USBD_CoreFindIF
                0x0800eeb6       0x1a ./Middlewares/ST/STM32_USB_Device_Library/Core/Src/usbd_core.o
                0x0800eeb6                USBD_CoreFindIF
 .text.USBD_CoreFindEP
                0x0800eed0       0x1a ./Middlewares/ST/STM32_USB_Device_Library/Core/Src/usbd_core.o
                0x0800eed0                USBD_CoreFindEP
 .text.USBD_GetEpDesc
                0x0800eeea       0x70 ./Middlewares/ST/STM32_USB_Device_Library/Core/Src/usbd_core.o
                0x0800eeea                USBD_GetEpDesc
 .text.USBD_GetNextDesc
                0x0800ef5a       0x38 ./Middlewares/ST/STM32_USB_Device_Library/Core/Src/usbd_core.o
                0x0800ef5a                USBD_GetNextDesc
 .text.SWAPBYTE
                0x0800ef92       0x3c ./Middlewares/ST/STM32_USB_Device_Library/Core/Src/usbd_ctlreq.o
 *fill*         0x0800efce        0x2 
 .text.USBD_StdDevReq
                0x0800efd0       0xe4 ./Middlewares/ST/STM32_USB_Device_Library/Core/Src/usbd_ctlreq.o
                0x0800efd0                USBD_StdDevReq
 .text.USBD_StdItfReq
                0x0800f0b4       0xd8 ./Middlewares/ST/STM32_USB_Device_Library/Core/Src/usbd_ctlreq.o
                0x0800f0b4                USBD_StdItfReq
 .text.USBD_StdEPReq
                0x0800f18c      0x33a ./Middlewares/ST/STM32_USB_Device_Library/Core/Src/usbd_ctlreq.o
                0x0800f18c                USBD_StdEPReq
 *fill*         0x0800f4c6        0x2 
 .text.USBD_GetDescriptor
                0x0800f4c8      0x328 ./Middlewares/ST/STM32_USB_Device_Library/Core/Src/usbd_ctlreq.o
 .text.USBD_SetAddress
                0x0800f7f0       0x88 ./Middlewares/ST/STM32_USB_Device_Library/Core/Src/usbd_ctlreq.o
 .text.USBD_SetConfig
                0x0800f878      0x154 ./Middlewares/ST/STM32_USB_Device_Library/Core/Src/usbd_ctlreq.o
 .text.USBD_GetConfig
                0x0800f9cc       0x6c ./Middlewares/ST/STM32_USB_Device_Library/Core/Src/usbd_ctlreq.o
 .text.USBD_GetStatus
                0x0800fa38       0x68 ./Middlewares/ST/STM32_USB_Device_Library/Core/Src/usbd_ctlreq.o
 .text.USBD_SetFeature
                0x0800faa0       0x52 ./Middlewares/ST/STM32_USB_Device_Library/Core/Src/usbd_ctlreq.o
 .text.USBD_ClrFeature
                0x0800faf2       0x44 ./Middlewares/ST/STM32_USB_Device_Library/Core/Src/usbd_ctlreq.o
 .text.USBD_ParseSetupRequest
                0x0800fb36       0x74 ./Middlewares/ST/STM32_USB_Device_Library/Core/Src/usbd_ctlreq.o
                0x0800fb36                USBD_ParseSetupRequest
 .text.USBD_CtlError
                0x0800fbaa       0x22 ./Middlewares/ST/STM32_USB_Device_Library/Core/Src/usbd_ctlreq.o
                0x0800fbaa                USBD_CtlError
 .text.USBD_GetString
                0x0800fbcc       0xa4 ./Middlewares/ST/STM32_USB_Device_Library/Core/Src/usbd_ctlreq.o
                0x0800fbcc                USBD_GetString
 .text.USBD_GetLen
                0x0800fc70       0x34 ./Middlewares/ST/STM32_USB_Device_Library/Core/Src/usbd_ctlreq.o
 .text.USBD_CtlSendData
                0x0800fca4       0x36 ./Middlewares/ST/STM32_USB_Device_Library/Core/Src/usbd_ioreq.o
                0x0800fca4                USBD_CtlSendData
 .text.USBD_CtlContinueSendData
                0x0800fcda       0x22 ./Middlewares/ST/STM32_USB_Device_Library/Core/Src/usbd_ioreq.o
                0x0800fcda                USBD_CtlContinueSendData
 .text.USBD_CtlPrepareRx
                0x0800fcfc       0x3a ./Middlewares/ST/STM32_USB_Device_Library/Core/Src/usbd_ioreq.o
                0x0800fcfc                USBD_CtlPrepareRx
 .text.USBD_CtlContinueRx
                0x0800fd36       0x22 ./Middlewares/ST/STM32_USB_Device_Library/Core/Src/usbd_ioreq.o
                0x0800fd36                USBD_CtlContinueRx
 .text.USBD_CtlSendStatus
                0x0800fd58       0x26 ./Middlewares/ST/STM32_USB_Device_Library/Core/Src/usbd_ioreq.o
                0x0800fd58                USBD_CtlSendStatus
 .text.USBD_CtlReceiveStatus
                0x0800fd7e       0x26 ./Middlewares/ST/STM32_USB_Device_Library/Core/Src/usbd_ioreq.o
                0x0800fd7e                USBD_CtlReceiveStatus
 .text.MX_USB_DEVICE_Init
                0x0800fda4       0x64 ./USB_DEVICE/App/usb_device.o
                0x0800fda4                MX_USB_DEVICE_Init
 .text.CDC_Init_FS
                0x0800fe08       0x28 ./USB_DEVICE/App/usbd_cdc_if.o
 .text.CDC_DeInit_FS
                0x0800fe30       0x10 ./USB_DEVICE/App/usbd_cdc_if.o
 .text.CDC_Control_FS
                0x0800fe40       0xbc ./USB_DEVICE/App/usbd_cdc_if.o
 .text.CDC_Receive_FS
                0x0800fefc       0x28 ./USB_DEVICE/App/usbd_cdc_if.o
 .text.CDC_Transmit_FS
                0x0800ff24       0x4c ./USB_DEVICE/App/usbd_cdc_if.o
                0x0800ff24                CDC_Transmit_FS
 .text.CDC_TransmitCplt_FS
                0x0800ff70       0x22 ./USB_DEVICE/App/usbd_cdc_if.o
 *fill*         0x0800ff92        0x2 
 .text.USBD_FS_DeviceDescriptor
                0x0800ff94       0x24 ./USB_DEVICE/App/usbd_desc.o
                0x0800ff94                USBD_FS_DeviceDescriptor
 .text.USBD_FS_LangIDStrDescriptor
                0x0800ffb8       0x24 ./USB_DEVICE/App/usbd_desc.o
                0x0800ffb8                USBD_FS_LangIDStrDescriptor
 .text.USBD_FS_ProductStrDescriptor
                0x0800ffdc       0x3c ./USB_DEVICE/App/usbd_desc.o
                0x0800ffdc                USBD_FS_ProductStrDescriptor
 .text.USBD_FS_ManufacturerStrDescriptor
                0x08010018       0x28 ./USB_DEVICE/App/usbd_desc.o
                0x08010018                USBD_FS_ManufacturerStrDescriptor
 .text.USBD_FS_SerialStrDescriptor
                0x08010040       0x24 ./USB_DEVICE/App/usbd_desc.o
                0x08010040                USBD_FS_SerialStrDescriptor
 .text.USBD_FS_ConfigStrDescriptor
                0x08010064       0x3c ./USB_DEVICE/App/usbd_desc.o
                0x08010064                USBD_FS_ConfigStrDescriptor
 .text.USBD_FS_InterfaceStrDescriptor
                0x080100a0       0x3c ./USB_DEVICE/App/usbd_desc.o
                0x080100a0                USBD_FS_InterfaceStrDescriptor
 .text.Get_SerialNum
                0x080100dc       0x58 ./USB_DEVICE/App/usbd_desc.o
 .text.IntToUnicode
                0x08010134       0x7e ./USB_DEVICE/App/usbd_desc.o
 *fill*         0x080101b2        0x2 
 .text.HAL_PCD_MspInit
                0x080101b4       0xe8 ./USB_DEVICE/Target/usbd_conf.o
                0x080101b4                HAL_PCD_MspInit
 .text.HAL_PCD_SetupStageCallback
                0x0801029c       0x24 ./USB_DEVICE/Target/usbd_conf.o
                0x0801029c                HAL_PCD_SetupStageCallback
 .text.HAL_PCD_DataOutStageCallback
                0x080102c0       0x36 ./USB_DEVICE/Target/usbd_conf.o
                0x080102c0                HAL_PCD_DataOutStageCallback
 .text.HAL_PCD_DataInStageCallback
                0x080102f6       0x34 ./USB_DEVICE/Target/usbd_conf.o
                0x080102f6                HAL_PCD_DataInStageCallback
 .text.HAL_PCD_SOFCallback
                0x0801032a       0x1c ./USB_DEVICE/Target/usbd_conf.o
                0x0801032a                HAL_PCD_SOFCallback
 .text.HAL_PCD_ResetCallback
                0x08010346       0x50 ./USB_DEVICE/Target/usbd_conf.o
                0x08010346                HAL_PCD_ResetCallback
 *fill*         0x08010396        0x2 
 .text.HAL_PCD_SuspendCallback
                0x08010398       0x4c ./USB_DEVICE/Target/usbd_conf.o
                0x08010398                HAL_PCD_SuspendCallback
 .text.HAL_PCD_ResumeCallback
                0x080103e4       0x1c ./USB_DEVICE/Target/usbd_conf.o
                0x080103e4                HAL_PCD_ResumeCallback
 .text.HAL_PCD_ISOOUTIncompleteCallback
                0x08010400       0x24 ./USB_DEVICE/Target/usbd_conf.o
                0x08010400                HAL_PCD_ISOOUTIncompleteCallback
 .text.HAL_PCD_ISOINIncompleteCallback
                0x08010424       0x24 ./USB_DEVICE/Target/usbd_conf.o
                0x08010424                HAL_PCD_ISOINIncompleteCallback
 .text.HAL_PCD_ConnectCallback
                0x08010448       0x1c ./USB_DEVICE/Target/usbd_conf.o
                0x08010448                HAL_PCD_ConnectCallback
 .text.HAL_PCD_DisconnectCallback
                0x08010464       0x1c ./USB_DEVICE/Target/usbd_conf.o
                0x08010464                HAL_PCD_DisconnectCallback
 .text.USBD_LL_Init
                0x08010480       0xa0 ./USB_DEVICE/Target/usbd_conf.o
                0x08010480                USBD_LL_Init
 .text.USBD_LL_Start
                0x08010520       0x36 ./USB_DEVICE/Target/usbd_conf.o
                0x08010520                USBD_LL_Start
 .text.USBD_LL_OpenEP
                0x08010556       0x4c ./USB_DEVICE/Target/usbd_conf.o
                0x08010556                USBD_LL_OpenEP
 .text.USBD_LL_CloseEP
                0x080105a2       0x3e ./USB_DEVICE/Target/usbd_conf.o
                0x080105a2                USBD_LL_CloseEP
 .text.USBD_LL_StallEP
                0x080105e0       0x3e ./USB_DEVICE/Target/usbd_conf.o
                0x080105e0                USBD_LL_StallEP
 .text.USBD_LL_ClearStallEP
                0x0801061e       0x3e ./USB_DEVICE/Target/usbd_conf.o
                0x0801061e                USBD_LL_ClearStallEP
 .text.USBD_LL_IsStallEP
                0x0801065c       0x58 ./USB_DEVICE/Target/usbd_conf.o
                0x0801065c                USBD_LL_IsStallEP
 .text.USBD_LL_SetUSBAddress
                0x080106b4       0x3e ./USB_DEVICE/Target/usbd_conf.o
                0x080106b4                USBD_LL_SetUSBAddress
 .text.USBD_LL_Transmit
                0x080106f2       0x42 ./USB_DEVICE/Target/usbd_conf.o
                0x080106f2                USBD_LL_Transmit
 .text.USBD_LL_PrepareReceive
                0x08010734       0x42 ./USB_DEVICE/Target/usbd_conf.o
                0x08010734                USBD_LL_PrepareReceive
 .text.USBD_LL_GetRxDataSize
                0x08010776       0x26 ./USB_DEVICE/Target/usbd_conf.o
                0x08010776                USBD_LL_GetRxDataSize
 .text.USBD_static_malloc
                0x0801079c       0x1c ./USB_DEVICE/Target/usbd_conf.o
                0x0801079c                USBD_static_malloc
 .text.USBD_static_free
                0x080107b8       0x14 ./USB_DEVICE/Target/usbd_conf.o
                0x080107b8                USBD_static_free
 .text.USBD_Get_USB_Status
                0x080107cc       0x58 ./USB_DEVICE/Target/usbd_conf.o
                0x080107cc                USBD_Get_USB_Status
 .text.sprintf  0x08010824       0x40 /opt/st/stm32cubeide_1.15.1_2/plugins/com.st.stm32cube.ide.mcu.externaltools.gnu-tools-for-stm32.12.3.rel1.linux64_1.0.100.202403111256/tools/bin/../lib/gcc/arm-none-eabi/12.3.1/../../../../arm-none-eabi/lib/thumb/v7e-m+dp/hard/libc_nano.a(libc_a-sprintf.o)
                0x08010824                sprintf
                0x08010824                siprintf
 .text.memset   0x08010864       0x10 /opt/st/stm32cubeide_1.15.1_2/plugins/com.st.stm32cube.ide.mcu.externaltools.gnu-tools-for-stm32.12.3.rel1.linux64_1.0.100.202403111256/tools/bin/../lib/gcc/arm-none-eabi/12.3.1/../../../../arm-none-eabi/lib/thumb/v7e-m+dp/hard/libc_nano.a(libc_a-memset.o)
                0x08010864                memset
 .text.__errno  0x08010874        0xc /opt/st/stm32cubeide_1.15.1_2/plugins/com.st.stm32cube.ide.mcu.externaltools.gnu-tools-for-stm32.12.3.rel1.linux64_1.0.100.202403111256/tools/bin/../lib/gcc/arm-none-eabi/12.3.1/../../../../arm-none-eabi/lib/thumb/v7e-m+dp/hard/libc_nano.a(libc_a-errno.o)
                0x08010874                __errno
 .text.__libc_init_array
                0x08010880       0x48 /opt/st/stm32cubeide_1.15.1_2/plugins/com.st.stm32cube.ide.mcu.externaltools.gnu-tools-for-stm32.12.3.rel1.linux64_1.0.100.202403111256/tools/bin/../lib/gcc/arm-none-eabi/12.3.1/../../../../arm-none-eabi/lib/thumb/v7e-m+dp/hard/libc_nano.a(libc_a-init.o)
                0x08010880                __libc_init_array
 .text.__retarget_lock_acquire_recursive
                0x080108c8        0x2 /opt/st/stm32cubeide_1.15.1_2/plugins/com.st.stm32cube.ide.mcu.externaltools.gnu-tools-for-stm32.12.3.rel1.linux64_1.0.100.202403111256/tools/bin/../lib/gcc/arm-none-eabi/12.3.1/../../../../arm-none-eabi/lib/thumb/v7e-m+dp/hard/libc_nano.a(libc_a-lock.o)
                0x080108c8                __retarget_lock_acquire_recursive
 .text.__retarget_lock_release_recursive
                0x080108ca        0x2 /opt/st/stm32cubeide_1.15.1_2/plugins/com.st.stm32cube.ide.mcu.externaltools.gnu-tools-for-stm32.12.3.rel1.linux64_1.0.100.202403111256/tools/bin/../lib/gcc/arm-none-eabi/12.3.1/../../../../arm-none-eabi/lib/thumb/v7e-m+dp/hard/libc_nano.a(libc_a-lock.o)
                0x080108ca                __retarget_lock_release_recursive
 .text._free_r  0x080108cc       0x94 /opt/st/stm32cubeide_1.15.1_2/plugins/com.st.stm32cube.ide.mcu.externaltools.gnu-tools-for-stm32.12.3.rel1.linux64_1.0.100.202403111256/tools/bin/../lib/gcc/arm-none-eabi/12.3.1/../../../../arm-none-eabi/lib/thumb/v7e-m+dp/hard/libc_nano.a(libc_a-freer.o)
                0x080108cc                _free_r
 .text.sbrk_aligned
                0x08010960       0x44 /opt/st/stm32cubeide_1.15.1_2/plugins/com.st.stm32cube.ide.mcu.externaltools.gnu-tools-for-stm32.12.3.rel1.linux64_1.0.100.202403111256/tools/bin/../lib/gcc/arm-none-eabi/12.3.1/../../../../arm-none-eabi/lib/thumb/v7e-m+dp/hard/libc_nano.a(libc_a-mallocr.o)
 .text._malloc_r
                0x080109a4      0x100 /opt/st/stm32cubeide_1.15.1_2/plugins/com.st.stm32cube.ide.mcu.externaltools.gnu-tools-for-stm32.12.3.rel1.linux64_1.0.100.202403111256/tools/bin/../lib/gcc/arm-none-eabi/12.3.1/../../../../arm-none-eabi/lib/thumb/v7e-m+dp/hard/libc_nano.a(libc_a-mallocr.o)
                0x080109a4                _malloc_r
 .text.__malloc_lock
                0x08010aa4        0xc /opt/st/stm32cubeide_1.15.1_2/plugins/com.st.stm32cube.ide.mcu.externaltools.gnu-tools-for-stm32.12.3.rel1.linux64_1.0.100.202403111256/tools/bin/../lib/gcc/arm-none-eabi/12.3.1/../../../../arm-none-eabi/lib/thumb/v7e-m+dp/hard/libc_nano.a(libc_a-mlock.o)
                0x08010aa4                __malloc_lock
 .text.__malloc_unlock
                0x08010ab0        0xc /opt/st/stm32cubeide_1.15.1_2/plugins/com.st.stm32cube.ide.mcu.externaltools.gnu-tools-for-stm32.12.3.rel1.linux64_1.0.100.202403111256/tools/bin/../lib/gcc/arm-none-eabi/12.3.1/../../../../arm-none-eabi/lib/thumb/v7e-m+dp/hard/libc_nano.a(libc_a-mlock.o)
                0x08010ab0                __malloc_unlock
 .text.__ssputs_r
                0x08010abc       0xb6 /opt/st/stm32cubeide_1.15.1_2/plugins/com.st.stm32cube.ide.mcu.externaltools.gnu-tools-for-stm32.12.3.rel1.linux64_1.0.100.202403111256/tools/bin/../lib/gcc/arm-none-eabi/12.3.1/../../../../arm-none-eabi/lib/thumb/v7e-m+dp/hard/libc_nano.a(libc_a-nano-svfprintf.o)
                0x08010abc                __ssputs_r
 *fill*         0x08010b72        0x2 
 .text._svfprintf_r
                0x08010b74      0x1f8 /opt/st/stm32cubeide_1.15.1_2/plugins/com.st.stm32cube.ide.mcu.externaltools.gnu-tools-for-stm32.12.3.rel1.linux64_1.0.100.202403111256/tools/bin/../lib/gcc/arm-none-eabi/12.3.1/../../../../arm-none-eabi/lib/thumb/v7e-m+dp/hard/libc_nano.a(libc_a-nano-svfprintf.o)
                0x08010b74                _svfprintf_r
                0x08010b74                _svfiprintf_r
 .text._printf_common
                0x08010d6c       0xda /opt/st/stm32cubeide_1.15.1_2/plugins/com.st.stm32cube.ide.mcu.externaltools.gnu-tools-for-stm32.12.3.rel1.linux64_1.0.100.202403111256/tools/bin/../lib/gcc/arm-none-eabi/12.3.1/../../../../arm-none-eabi/lib/thumb/v7e-m+dp/hard/libc_nano.a(libc_a-nano-vfprintf_i.o)
                0x08010d6c                _printf_common
 *fill*         0x08010e46        0x2 
 .text._printf_i
                0x08010e48      0x240 /opt/st/stm32cubeide_1.15.1_2/plugins/com.st.stm32cube.ide.mcu.externaltools.gnu-tools-for-stm32.12.3.rel1.linux64_1.0.100.202403111256/tools/bin/../lib/gcc/arm-none-eabi/12.3.1/../../../../arm-none-eabi/lib/thumb/v7e-m+dp/hard/libc_nano.a(libc_a-nano-vfprintf_i.o)
                0x08010e48                _printf_i
 .text.memmove  0x08011088       0x34 /opt/st/stm32cubeide_1.15.1_2/plugins/com.st.stm32cube.ide.mcu.externaltools.gnu-tools-for-stm32.12.3.rel1.linux64_1.0.100.202403111256/tools/bin/../lib/gcc/arm-none-eabi/12.3.1/../../../../arm-none-eabi/lib/thumb/v7e-m+dp/hard/libc_nano.a(libc_a-memmove.o)
                0x08011088                memmove
 .text._sbrk_r  0x080110bc       0x20 /opt/st/stm32cubeide_1.15.1_2/plugins/com.st.stm32cube.ide.mcu.externaltools.gnu-tools-for-stm32.12.3.rel1.linux64_1.0.100.202403111256/tools/bin/../lib/gcc/arm-none-eabi/12.3.1/../../../../arm-none-eabi/lib/thumb/v7e-m+dp/hard/libc_nano.a(libc_a-sbrkr.o)
                0x080110bc                _sbrk_r
 .text.memcpy   0x080110dc       0x1c /opt/st/stm32cubeide_1.15.1_2/plugins/com.st.stm32cube.ide.mcu.externaltools.gnu-tools-for-stm32.12.3.rel1.linux64_1.0.100.202403111256/tools/bin/../lib/gcc/arm-none-eabi/12.3.1/../../../../arm-none-eabi/lib/thumb/v7e-m+dp/hard/libc_nano.a(libc_a-memcpy-stub.o)
                0x080110dc                memcpy
 .text._realloc_r
                0x080110f8       0x5c /opt/st/stm32cubeide_1.15.1_2/plugins/com.st.stm32cube.ide.mcu.externaltools.gnu-tools-for-stm32.12.3.rel1.linux64_1.0.100.202403111256/tools/bin/../lib/gcc/arm-none-eabi/12.3.1/../../../../arm-none-eabi/lib/thumb/v7e-m+dp/hard/libc_nano.a(libc_a-reallocr.o)
                0x080110f8                _realloc_r
 .text._malloc_usable_size_r
                0x08011154       0x10 /opt/st/stm32cubeide_1.15.1_2/plugins/com.st.stm32cube.ide.mcu.externaltools.gnu-tools-for-stm32.12.3.rel1.linux64_1.0.100.202403111256/tools/bin/../lib/gcc/arm-none-eabi/12.3.1/../../../../arm-none-eabi/lib/thumb/v7e-m+dp/hard/libc_nano.a(libc_a-msizer.o)
                0x08011154                _malloc_usable_size_r
 *(.glue_7)
 .glue_7        0x08011164        0x0 linker stubs
 *(.glue_7t)
 .glue_7t       0x08011164        0x0 linker stubs
 *(.eh_frame)
 .eh_frame      0x08011164        0x0 /opt/st/stm32cubeide_1.15.1_2/plugins/com.st.stm32cube.ide.mcu.externaltools.gnu-tools-for-stm32.12.3.rel1.linux64_1.0.100.202403111256/tools/bin/../lib/gcc/arm-none-eabi/12.3.1/thumb/v7e-m+dp/hard/crtbegin.o
 *(.init)
 .init          0x08011164        0x4 /opt/st/stm32cubeide_1.15.1_2/plugins/com.st.stm32cube.ide.mcu.externaltools.gnu-tools-for-stm32.12.3.rel1.linux64_1.0.100.202403111256/tools/bin/../lib/gcc/arm-none-eabi/12.3.1/thumb/v7e-m+dp/hard/crti.o
                0x08011164                _init
 .init          0x08011168        0x8 /opt/st/stm32cubeide_1.15.1_2/plugins/com.st.stm32cube.ide.mcu.externaltools.gnu-tools-for-stm32.12.3.rel1.linux64_1.0.100.202403111256/tools/bin/../lib/gcc/arm-none-eabi/12.3.1/thumb/v7e-m+dp/hard/crtn.o
 *(.fini)
 .fini          0x08011170        0x4 /opt/st/stm32cubeide_1.15.1_2/plugins/com.st.stm32cube.ide.mcu.externaltools.gnu-tools-for-stm32.12.3.rel1.linux64_1.0.100.202403111256/tools/bin/../lib/gcc/arm-none-eabi/12.3.1/thumb/v7e-m+dp/hard/crti.o
                0x08011170                _fini
 .fini          0x08011174        0x8 /opt/st/stm32cubeide_1.15.1_2/plugins/com.st.stm32cube.ide.mcu.externaltools.gnu-tools-for-stm32.12.3.rel1.linux64_1.0.100.202403111256/tools/bin/../lib/gcc/arm-none-eabi/12.3.1/thumb/v7e-m+dp/hard/crtn.o
                0x0801117c                        . = ALIGN (0x4)
                0x0801117c                        _etext = .

.vfp11_veneer   0x0801117c        0x0
 .vfp11_veneer  0x0801117c        0x0 linker stubs

.v4_bx          0x0801117c        0x0
 .v4_bx         0x0801117c        0x0 linker stubs

.iplt           0x0801117c        0x0
 .iplt          0x0801117c        0x0 /opt/st/stm32cubeide_1.15.1_2/plugins/com.st.stm32cube.ide.mcu.externaltools.gnu-tools-for-stm32.12.3.rel1.linux64_1.0.100.202403111256/tools/bin/../lib/gcc/arm-none-eabi/12.3.1/thumb/v7e-m+dp/hard/crtbegin.o

.rodata         0x0801117c     0x6ff0
                0x0801117c                        . = ALIGN (0x4)
 *(.rodata)
 .rodata        0x0801117c       0x16 ./Core/Src/lcd.o
 *fill*         0x08011192        0x2 
 .rodata        0x08011194       0x59 ./Core/Src/main.o
 *fill*         0x080111ed        0x3 
 .rodata        0x080111f0       0x46 ./USB_DEVICE/App/usbd_desc.o
 *(.rodata*)
 *fill*         0x08011236        0x2 
 .rodata.WeActStudiologo_160_80
                0x08011238     0x648a ./Core/Src/EComp_logo_160_80.o
                0x08011238                WeActStudiologo_160_80
 *fill*         0x080176c2        0x2 
 .rodata.asc2_1206
                0x080176c4      0x474 ./Core/Src/lcd.o
                0x080176c4                asc2_1206
 .rodata.asc2_1608
                0x08017b38      0x5f0 ./Core/Src/lcd.o
                0x08017b38                asc2_1608
 .rodata.D1CorePrescTable
                0x08018128       0x10 ./Core/Src/system_stm32h7xx.o
                0x08018128                D1CorePrescTable
 .rodata._svfprintf_r.str1.1
                0x08018138       0x11 /opt/st/stm32cubeide_1.15.1_2/plugins/com.st.stm32cube.ide.mcu.externaltools.gnu-tools-for-stm32.12.3.rel1.linux64_1.0.100.202403111256/tools/bin/../lib/gcc/arm-none-eabi/12.3.1/../../../../arm-none-eabi/lib/thumb/v7e-m+dp/hard/libc_nano.a(libc_a-nano-svfprintf.o)
 .rodata._printf_i.str1.1
                0x08018149       0x22 /opt/st/stm32cubeide_1.15.1_2/plugins/com.st.stm32cube.ide.mcu.externaltools.gnu-tools-for-stm32.12.3.rel1.linux64_1.0.100.202403111256/tools/bin/../lib/gcc/arm-none-eabi/12.3.1/../../../../arm-none-eabi/lib/thumb/v7e-m+dp/hard/libc_nano.a(libc_a-nano-vfprintf_i.o)
                0x0801816c                        . = ALIGN (0x4)
 *fill*         0x0801816b        0x1 

.ARM.extab
 *(.ARM.extab* .gnu.linkonce.armextab.*)

.ARM            0x0801816c        0x8
                0x0801816c                        __exidx_start = .
 *(.ARM.exidx*)
 .ARM.exidx     0x0801816c        0x8 /opt/st/stm32cubeide_1.15.1_2/plugins/com.st.stm32cube.ide.mcu.externaltools.gnu-tools-for-stm32.12.3.rel1.linux64_1.0.100.202403111256/tools/bin/../lib/gcc/arm-none-eabi/12.3.1/../../../../arm-none-eabi/lib/thumb/v7e-m+dp/hard/libc_nano.a(libc_a-strlen.o)
 .ARM.exidx     0x08018174        0x0 /opt/st/stm32cubeide_1.15.1_2/plugins/com.st.stm32cube.ide.mcu.externaltools.gnu-tools-for-stm32.12.3.rel1.linux64_1.0.100.202403111256/tools/bin/../lib/gcc/arm-none-eabi/12.3.1/../../../../arm-none-eabi/lib/thumb/v7e-m+dp/hard/libc_nano.a(libc_a-memchr.o)
                                  0x8 (size before relaxing)
                0x08018174                        __exidx_end = .

.preinit_array  0x08018174        0x0
                0x08018174                        PROVIDE (__preinit_array_start = .)
 *(.preinit_array*)
                0x08018174                        PROVIDE (__preinit_array_end = .)

.init_array     0x08018174        0x4
                0x08018174                        PROVIDE (__init_array_start = .)
 *(SORT_BY_NAME(.init_array.*))
 *(.init_array*)
 .init_array    0x08018174        0x4 /opt/st/stm32cubeide_1.15.1_2/plugins/com.st.stm32cube.ide.mcu.externaltools.gnu-tools-for-stm32.12.3.rel1.linux64_1.0.100.202403111256/tools/bin/../lib/gcc/arm-none-eabi/12.3.1/thumb/v7e-m+dp/hard/crtbegin.o
                0x08018178                        PROVIDE (__init_array_end = .)

.fini_array     0x08018178        0x4
                [!provide]                        PROVIDE (__fini_array_start = .)
 *(SORT_BY_NAME(.fini_array.*))
 *(.fini_array*)
 .fini_array    0x08018178        0x4 /opt/st/stm32cubeide_1.15.1_2/plugins/com.st.stm32cube.ide.mcu.externaltools.gnu-tools-for-stm32.12.3.rel1.linux64_1.0.100.202403111256/tools/bin/../lib/gcc/arm-none-eabi/12.3.1/thumb/v7e-m+dp/hard/crtbegin.o
                [!provide]                        PROVIDE (__fini_array_end = .)
                0x0801817c                        _sidata = LOADADDR (.data)

.rel.dyn        0x0801817c        0x0
 .rel.iplt      0x0801817c        0x0 /opt/st/stm32cubeide_1.15.1_2/plugins/com.st.stm32cube.ide.mcu.externaltools.gnu-tools-for-stm32.12.3.rel1.linux64_1.0.100.202403111256/tools/bin/../lib/gcc/arm-none-eabi/12.3.1/thumb/v7e-m+dp/hard/crtbegin.o

.data           0x24000000      0x1e4 load address 0x0801817c
                0x24000000                        . = ALIGN (0x4)
                0x24000000                        _sdata = .
 *(.data)
 *(.data*)
 .data.st7735_pIO
                0x24000000       0x20 ./Core/Src/lcd.o
                0x24000000                st7735_pIO
 .data.POINT_COLOR
                0x24000020        0x2 ./Core/Src/lcd.o
                0x24000020                POINT_COLOR
 *fill*         0x24000022        0x2 
 .data.ST7735_LCD_Driver
                0x24000024       0x4c ./Core/Src/st7735.o
                0x24000024                ST7735_LCD_Driver
 .data.OrientationTab
                0x24000070       0x20 ./Core/Src/st7735.o
 .data.SystemCoreClock
                0x24000090        0x4 ./Core/Src/system_stm32h7xx.o
                0x24000090                SystemCoreClock
 .data.SystemD2Clock
                0x24000094        0x4 ./Core/Src/system_stm32h7xx.o
                0x24000094                SystemD2Clock
 .data.uwTickPrio
                0x24000098        0x4 ./Drivers/STM32H7xx_HAL_Driver/Src/stm32h7xx_hal.o
                0x24000098                uwTickPrio
 .data.uwTickFreq
                0x2400009c        0x1 ./Drivers/STM32H7xx_HAL_Driver/Src/stm32h7xx_hal.o
                0x2400009c                uwTickFreq
 *fill*         0x2400009d        0x3 
 .data.USBD_CDC_DeviceQualifierDesc
                0x240000a0        0xa ./Middlewares/ST/STM32_USB_Device_Library/Class/CDC/Src/usbd_cdc.o
 *fill*         0x240000aa        0x2 
 .data.USBD_CDC
                0x240000ac       0x38 ./Middlewares/ST/STM32_USB_Device_Library/Class/CDC/Src/usbd_cdc.o
                0x240000ac                USBD_CDC
 .data.USBD_CDC_CfgDesc
                0x240000e4       0x43 ./Middlewares/ST/STM32_USB_Device_Library/Class/CDC/Src/usbd_cdc.o
 .data.CDCInEpAdd
                0x24000127        0x1 ./Middlewares/ST/STM32_USB_Device_Library/Class/CDC/Src/usbd_cdc.o
 .data.CDCOutEpAdd
                0x24000128        0x1 ./Middlewares/ST/STM32_USB_Device_Library/Class/CDC/Src/usbd_cdc.o
 .data.CDCCmdEpAdd
                0x24000129        0x1 ./Middlewares/ST/STM32_USB_Device_Library/Class/CDC/Src/usbd_cdc.o
 *fill*         0x2400012a        0x2 
 .data.USBD_Interface_fops_FS
                0x2400012c       0x14 ./USB_DEVICE/App/usbd_cdc_if.o
                0x2400012c                USBD_Interface_fops_FS
 .data.FS_Desc  0x24000140       0x20 ./USB_DEVICE/App/usbd_desc.o
                0x24000140                FS_Desc
 .data.USBD_FS_DeviceDesc
                0x24000160       0x12 ./USB_DEVICE/App/usbd_desc.o
                0x24000160                USBD_FS_DeviceDesc
 *fill*         0x24000172        0x2 
 .data.USBD_LangIDDesc
                0x24000174        0x4 ./USB_DEVICE/App/usbd_desc.o
                0x24000174                USBD_LangIDDesc
 .data.USBD_StringSerial
                0x24000178       0x1a ./USB_DEVICE/App/usbd_desc.o
                0x24000178                USBD_StringSerial
 *fill*         0x24000192        0x2 
 .data._impure_ptr
                0x24000194        0x4 /opt/st/stm32cubeide_1.15.1_2/plugins/com.st.stm32cube.ide.mcu.externaltools.gnu-tools-for-stm32.12.3.rel1.linux64_1.0.100.202403111256/tools/bin/../lib/gcc/arm-none-eabi/12.3.1/../../../../arm-none-eabi/lib/thumb/v7e-m+dp/hard/libc_nano.a(libc_a-impure.o)
                0x24000194                _impure_ptr
 .data._impure_data
                0x24000198       0x4c /opt/st/stm32cubeide_1.15.1_2/plugins/com.st.stm32cube.ide.mcu.externaltools.gnu-tools-for-stm32.12.3.rel1.linux64_1.0.100.202403111256/tools/bin/../lib/gcc/arm-none-eabi/12.3.1/../../../../arm-none-eabi/lib/thumb/v7e-m+dp/hard/libc_nano.a(libc_a-impure.o)
                0x24000198                _impure_data
 *(.RamFunc)
 *(.RamFunc*)
                0x240001e4                        . = ALIGN (0x4)
                0x240001e4                        _edata = .

.igot.plt       0x240001e4        0x0 load address 0x08018360
 .igot.plt      0x240001e4        0x0 /opt/st/stm32cubeide_1.15.1_2/plugins/com.st.stm32cube.ide.mcu.externaltools.gnu-tools-for-stm32.12.3.rel1.linux64_1.0.100.202403111256/tools/bin/../lib/gcc/arm-none-eabi/12.3.1/thumb/v7e-m+dp/hard/crtbegin.o
                0x240001e4                        . = ALIGN (0x4)

.bss            0x240001e4     0x24d8 load address 0x08018360
                0x240001e4                        _sbss = .
                0x240001e4                        __bss_start__ = _sbss
 *(.bss)
 .bss           0x240001e4       0x1c /opt/st/stm32cubeide_1.15.1_2/plugins/com.st.stm32cube.ide.mcu.externaltools.gnu-tools-for-stm32.12.3.rel1.linux64_1.0.100.202403111256/tools/bin/../lib/gcc/arm-none-eabi/12.3.1/thumb/v7e-m+dp/hard/crtbegin.o
 *(.bss*)
 .bss.hadc2     0x24000200       0x64 ./Core/Src/adc.o
                0x24000200                hadc2
 .bss.hadc3     0x24000264       0x64 ./Core/Src/adc.o
                0x24000264                hadc3
 .bss.st7735_pObj
                0x240002c8       0x38 ./Core/Src/lcd.o
                0x240002c8                st7735_pObj
 .bss.st7735_id
                0x24000300        0x4 ./Core/Src/lcd.o
                0x24000300                st7735_id
 .bss.BACK_COLOR
                0x24000304        0x2 ./Core/Src/lcd.o
                0x24000304                BACK_COLOR
 *fill*         0x24000306        0x2 
 .bss.uhADCxConvertedValue
                0x24000308        0x8 ./Core/Src/main.o
                0x24000308                uhADCxConvertedValue
 .bss.uhADCxInputVoltage
                0x24000310       0x10 ./Core/Src/main.o
                0x24000310                uhADCxInputVoltage
 .bss.adc3_inp0
                0x24000320        0x4 ./Core/Src/main.o
                0x24000320                adc3_inp0
 .bss.vbat      0x24000324        0x4 ./Core/Src/main.o
                0x24000324                vbat
 .bss.tempsensor
                0x24000328        0x4 ./Core/Src/main.o
                0x24000328                tempsensor
 .bss.vrefint   0x2400032c        0x4 ./Core/Src/main.o
                0x2400032c                vrefint
 .bss.adcConvertValue
                0x24000330        0x8 ./Core/Src/main.o
                0x24000330                adcConvertValue
 .bss.adcInputVoltage
                0x24000338       0x10 ./Core/Src/main.o
                0x24000338                adcInputVoltage
 .bss.dadoadc1  0x24000348        0x4 ./Core/Src/main.o
                0x24000348                dadoadc1
 .bss.dadoadc2  0x2400034c        0x4 ./Core/Src/main.o
                0x2400034c                dadoadc2
 .bss.dadoadc3  0x24000350        0x4 ./Core/Src/main.o
                0x24000350                dadoadc3
 .bss.dadoadc4  0x24000354        0x4 ./Core/Src/main.o
                0x24000354                dadoadc4
 .bss.hspi4     0x24000358       0x88 ./Core/Src/spi.o
                0x24000358                hspi4
 .bss.ST7735Ctx
                0x240003e0       0x10 ./Core/Src/st7735.o
                0x240003e0                ST7735Ctx
 .bss.pdata.1   0x240003f0      0x280 ./Core/Src/st7735.o
 .bss.pdata.0   0x24000670      0x280 ./Core/Src/st7735.o
 .bss.__sbrk_heap_end
                0x240008f0        0x4 ./Core/Src/sysmem.o
 .bss.htim1     0x240008f4       0x4c ./Core/Src/tim.o
                0x240008f4                htim1
 .bss.htim2     0x24000940       0x4c ./Core/Src/tim.o
                0x24000940                htim2
 .bss.uwTick    0x2400098c        0x4 ./Drivers/STM32H7xx_HAL_Driver/Src/stm32h7xx_hal.o
                0x2400098c                uwTick
 .bss.cfgidx.0  0x24000990        0x1 ./Middlewares/ST/STM32_USB_Device_Library/Core/Src/usbd_ctlreq.o
 *fill*         0x24000991        0x3 
 .bss.hUsbDeviceFS
                0x24000994      0x2dc ./USB_DEVICE/App/usb_device.o
                0x24000994                hUsbDeviceFS
 .bss.UserRxBufferFS
                0x24000c70      0x800 ./USB_DEVICE/App/usbd_cdc_if.o
                0x24000c70                UserRxBufferFS
 .bss.UserTxBufferFS
                0x24001470      0x800 ./USB_DEVICE/App/usbd_cdc_if.o
                0x24001470                UserTxBufferFS
 .bss.USBD_StrDesc
                0x24001c70      0x200 ./USB_DEVICE/App/usbd_desc.o
                0x24001c70                USBD_StrDesc
 .bss.hpcd_USB_OTG_FS
                0x24001e70      0x4e4 ./USB_DEVICE/Target/usbd_conf.o
                0x24001e70                hpcd_USB_OTG_FS
 .bss.mem.0     0x24002354      0x220 ./USB_DEVICE/Target/usbd_conf.o
 .bss.__sf      0x24002574      0x138 /opt/st/stm32cubeide_1.15.1_2/plugins/com.st.stm32cube.ide.mcu.externaltools.gnu-tools-for-stm32.12.3.rel1.linux64_1.0.100.202403111256/tools/bin/../lib/gcc/arm-none-eabi/12.3.1/../../../../arm-none-eabi/lib/thumb/v7e-m+dp/hard/libc_nano.a(libc_a-findfp.o)
                0x24002574                __sf
 .bss.errno     0x240026ac        0x4 /opt/st/stm32cubeide_1.15.1_2/plugins/com.st.stm32cube.ide.mcu.externaltools.gnu-tools-for-stm32.12.3.rel1.linux64_1.0.100.202403111256/tools/bin/../lib/gcc/arm-none-eabi/12.3.1/../../../../arm-none-eabi/lib/thumb/v7e-m+dp/hard/libc_nano.a(libc_a-reent.o)
                0x240026ac                errno
 .bss.__lock___malloc_recursive_mutex
                0x240026b0        0x1 /opt/st/stm32cubeide_1.15.1_2/plugins/com.st.stm32cube.ide.mcu.externaltools.gnu-tools-for-stm32.12.3.rel1.linux64_1.0.100.202403111256/tools/bin/../lib/gcc/arm-none-eabi/12.3.1/../../../../arm-none-eabi/lib/thumb/v7e-m+dp/hard/libc_nano.a(libc_a-lock.o)
                0x240026b0                __lock___malloc_recursive_mutex
 *fill*         0x240026b1        0x3 
 .bss.__malloc_sbrk_start
                0x240026b4        0x4 /opt/st/stm32cubeide_1.15.1_2/plugins/com.st.stm32cube.ide.mcu.externaltools.gnu-tools-for-stm32.12.3.rel1.linux64_1.0.100.202403111256/tools/bin/../lib/gcc/arm-none-eabi/12.3.1/../../../../arm-none-eabi/lib/thumb/v7e-m+dp/hard/libc_nano.a(libc_a-mallocr.o)
                0x240026b4                __malloc_sbrk_start
 .bss.__malloc_free_list
                0x240026b8        0x4 /opt/st/stm32cubeide_1.15.1_2/plugins/com.st.stm32cube.ide.mcu.externaltools.gnu-tools-for-stm32.12.3.rel1.linux64_1.0.100.202403111256/tools/bin/../lib/gcc/arm-none-eabi/12.3.1/../../../../arm-none-eabi/lib/thumb/v7e-m+dp/hard/libc_nano.a(libc_a-mallocr.o)
                0x240026b8                __malloc_free_list
 *(COMMON)
                0x240026bc                        . = ALIGN (0x4)
                0x240026bc                        _ebss = .
                0x240026bc                        __bss_end__ = _ebss

._user_heap_stack
                0x240026bc      0x604 load address 0x08018360
                0x240026c0                        . = ALIGN (0x8)
 *fill*         0x240026bc        0x4 
                [!provide]                        PROVIDE (end = .)
                0x240026c0                        PROVIDE (_end = .)
                0x240028c0                        . = (. + _Min_Heap_Size)
 *fill*         0x240026c0      0x200 
                0x24002cc0                        . = (. + _Min_Stack_Size)
 *fill*         0x240028c0      0x400 
                0x24002cc0                        . = ALIGN (0x8)

/DISCARD/
 libc.a(*)
 libm.a(*)
 libgcc.a(*)

.ARM.attributes